2026-05-18 09:07:49,205 [INFO] wqsa.etl — sitala trend_yoy computed
2026-05-18 09:07:49,206 [INFO] wqsa.etl — sitala: 0 upserted
2026-05-18 09:15:01,009 [INFO] wqsa.etl — sitala trend_yoy computed
2026-05-18 09:15:01,009 [INFO] wqsa.etl — sitala: 0 upserted
2026-05-18 09:17:11,081 [INFO] wqsa.etl — sitala: 514 kabkota items received
2026-05-18 09:17:11,111 [ERROR] wqsa.etl — sitala sync failed: (1264, "Out of range value for column 'ikl' at row 1")
2026-05-18 09:23:00,426 [INFO] wqsa.etl — sitala: 514 kabkota items received
2026-05-18 09:23:01,313 [INFO] wqsa.etl — sitala trend_yoy computed
2026-05-18 09:23:01,313 [INFO] wqsa.etl — sitala: 514 upserted
2026-05-18 09:23:51,213 [INFO] wqsa.etl — onlimo_stasiun: 523 upserted
2026-05-18 09:23:51,510 [ERROR] wqsa.etl — onlimo_monitoring sync failed: 400 Client Error: Bad Request for url: https://onlimo.kemenlh.go.id/api/v3/monitoring/?IDStasiun=ACEH+SELATAN-1&date_start=2026-05-15&date_end=2026-05-18&per_page=50&page=1
2026-05-18 09:23:51,874 [ERROR] wqsa.etl — onlimo_status sync failed: 400 Client Error: Bad Request for url: https://onlimo.kemenlh.go.id/api/v3/status/?IDStasiun=ACEH+SELATAN-1&date=2026-05-18
2026-05-18 09:28:20,690 [INFO] wqsa.etl — onlimo_stasiun: 523 upserted
2026-05-18 09:28:20,862 [INFO] wqsa.etl —   ACEH SELATAN-1: 0 rows
2026-05-18 09:28:20,923 [INFO] wqsa.etl —   ACEH SINGKIL-1: 0 rows
2026-05-18 09:28:20,980 [INFO] wqsa.etl —   ACEH-1: 0 rows
2026-05-18 09:28:21,046 [INFO] wqsa.etl —   AGAM-1: 0 rows
2026-05-18 09:28:21,095 [INFO] wqsa.etl —   AGAM-2: 0 rows
2026-05-18 09:28:21,180 [INFO] wqsa.etl —   ASAHAN-1: 0 rows
2026-05-18 09:28:21,241 [INFO] wqsa.etl —   BANGKALAN-1: 0 rows
2026-05-18 09:28:21,305 [INFO] wqsa.etl —   BANGLI-1: 0 rows
2026-05-18 09:28:21,369 [INFO] wqsa.etl —   BANJAR-1: 0 rows
2026-05-18 09:28:21,424 [INFO] wqsa.etl —   BANJARMASIN-1: 0 rows
2026-05-18 09:28:21,484 [INFO] wqsa.etl —   BANJARNEGARA-1: 0 rows
2026-05-18 09:28:21,546 [INFO] wqsa.etl —   BANTAENG-1: 0 rows
2026-05-18 09:28:21,605 [INFO] wqsa.etl —   BARITOKUALA-1: 0 rows
2026-05-18 09:28:21,672 [INFO] wqsa.etl —   BARITOUTARA-1: 0 rows
2026-05-18 09:28:21,734 [INFO] wqsa.etl —   BELITUNG-1: 0 rows
2026-05-18 09:28:21,792 [INFO] wqsa.etl —   BELU-1: 0 rows
2026-05-18 09:28:21,854 [INFO] wqsa.etl —   BENGKULU-1: 0 rows
2026-05-18 09:28:21,914 [INFO] wqsa.etl —   BENGKULU-2: 0 rows
2026-05-18 09:28:21,975 [INFO] wqsa.etl —   BIMA-1: 0 rows
2026-05-18 09:28:22,035 [INFO] wqsa.etl —   BLORA-1: 0 rows
2026-05-18 09:28:22,103 [INFO] wqsa.etl —   BLORA-2: 0 rows
2026-05-18 09:28:22,164 [INFO] wqsa.etl —   BOGOR-1: 0 rows
2026-05-18 09:28:22,223 [INFO] wqsa.etl —   BOGOR-2: 0 rows
2026-05-18 09:28:22,335 [INFO] wqsa.etl —   BOGOR-3: 0 rows
2026-05-18 09:28:22,397 [INFO] wqsa.etl —   BOGOR-4: 0 rows
2026-05-18 09:28:22,463 [INFO] wqsa.etl —   BOLAANGMONGONDOW-1: 0 rows
2026-05-18 09:28:22,537 [INFO] wqsa.etl —   BONE-1: 0 rows
2026-05-18 09:28:22,597 [INFO] wqsa.etl —   BONEBOLANGO-1: 0 rows
2026-05-18 09:28:22,644 [INFO] wqsa.etl —   BONEBOLANGO-2: 0 rows
2026-05-18 09:28:22,707 [INFO] wqsa.etl —   BULUKUMBA-1: 0 rows
2026-05-18 09:28:22,762 [INFO] wqsa.etl —   BULUKUMBA-2: 0 rows
2026-05-18 09:28:22,810 [INFO] wqsa.etl —   CIANJUR-1: 0 rows
2026-05-18 09:28:22,873 [INFO] wqsa.etl —   CIANJUR-2: 0 rows
2026-05-18 09:28:22,931 [INFO] wqsa.etl —   CILACAP-1: 0 rows
2026-05-18 09:28:22,983 [INFO] wqsa.etl —   DELI SERDANG-1: 0 rows
2026-05-18 09:28:23,046 [INFO] wqsa.etl —   DEMAK-1: 0 rows
2026-05-18 09:28:23,098 [INFO] wqsa.etl —   GARUT-1: 0 rows
2026-05-18 09:28:23,178 [INFO] wqsa.etl —   GARUT-2: 0 rows
2026-05-18 09:28:23,245 [INFO] wqsa.etl —   GARUT-3: 0 rows
2026-05-18 09:28:23,302 [INFO] wqsa.etl —   GORONTALO-1: 0 rows
2026-05-18 09:28:23,363 [INFO] wqsa.etl —   GORONTALO-2: 0 rows
2026-05-18 09:28:23,433 [INFO] wqsa.etl —   GORONTALO-3: 0 rows
2026-05-18 09:28:23,479 [INFO] wqsa.etl —   GOWA-1: 0 rows
2026-05-18 09:28:23,544 [INFO] wqsa.etl —   GROBOGAN-1: 0 rows
2026-05-18 09:28:23,612 [INFO] wqsa.etl —   GUNUNGMAS-1: 0 rows
2026-05-18 09:28:23,672 [INFO] wqsa.etl —   GUNUNGMAS-2: 0 rows
2026-05-18 09:28:23,713 [INFO] wqsa.etl —   HALMAHERA-1: 0 rows
2026-05-18 09:28:23,785 [INFO] wqsa.etl —   HULUSUNGAISELATAN-1: 0 rows
2026-05-18 09:28:23,831 [INFO] wqsa.etl —   INDRAMAYU-1: 0 rows
2026-05-18 09:28:23,901 [INFO] wqsa.etl —   JABAR-1: 0 rows
2026-05-18 09:28:23,947 [INFO] wqsa.etl —   JABAR-2: 0 rows
2026-05-18 09:28:24,009 [INFO] wqsa.etl —   JAMBI-1: 0 rows
2026-05-18 09:28:24,064 [INFO] wqsa.etl —   JAYAPURA-1: 0 rows
2026-05-18 09:28:24,132 [INFO] wqsa.etl —   JENEPONTO-1: 0 rows
2026-05-18 09:28:24,197 [INFO] wqsa.etl —   JENEPONTO-2: 0 rows
2026-05-18 09:28:24,262 [INFO] wqsa.etl —   JENEPONTO-3: 0 rows
2026-05-18 09:28:24,335 [INFO] wqsa.etl —   JEPARA-1: 0 rows
2026-05-18 09:28:24,394 [INFO] wqsa.etl —   KALTENG-1: 0 rows
2026-05-18 09:28:24,465 [INFO] wqsa.etl —   KALTENG-2: 0 rows
2026-05-18 09:28:24,515 [INFO] wqsa.etl —   KALTIM-1: 0 rows
2026-05-18 09:28:24,579 [INFO] wqsa.etl —   KALTIM-2: 0 rows
2026-05-18 09:28:24,961 [INFO] wqsa.etl —   KAMPAR-01: 0 rows
2026-05-18 09:28:25,008 [INFO] wqsa.etl —   KAPUASHULU-1: 0 rows
2026-05-18 09:28:25,071 [INFO] wqsa.etl —   KARAWANG-1: 0 rows
2026-05-18 09:28:25,127 [INFO] wqsa.etl —   KATINGAN-1: 0 rows
2026-05-18 09:28:25,182 [INFO] wqsa.etl —   KENDAL-1: 0 rows
2026-05-18 09:28:25,245 [INFO] wqsa.etl —   KENDARI-1: 0 rows
2026-05-18 09:28:25,317 [INFO] wqsa.etl —   KENDARI-2: 0 rows
2026-05-18 09:28:25,382 [INFO] wqsa.etl —   KEPRI-1: 0 rows
2026-05-18 09:28:25,454 [INFO] wqsa.etl —   KEPULAUANYAPEN-1: 0 rows
2026-05-18 09:28:25,515 [INFO] wqsa.etl —   KERINCI-1: 0 rows
2026-05-18 09:28:25,585 [INFO] wqsa.etl —   KERINCI-2: 0 rows
2026-05-18 09:28:25,633 [INFO] wqsa.etl —   KERINCI-3: 0 rows
2026-05-18 09:28:25,695 [INFO] wqsa.etl —   KERINCI-4: 0 rows
2026-05-18 09:28:25,748 [INFO] wqsa.etl —   KERINCI-5: 0 rows
2026-05-18 09:28:25,823 [INFO] wqsa.etl —   KETAPANG-1: 0 rows
2026-05-18 09:28:25,880 [INFO] wqsa.etl —   KLATEN-1: 0 rows
2026-05-18 09:28:30,546 [INFO] wqsa.etl —   KLHK1: 80 rows
2026-05-18 09:28:30,650 [INFO] wqsa.etl —   KLHK10: 0 rows
2026-05-18 09:28:35,138 [INFO] wqsa.etl —   KLHK100: 82 rows
2026-05-18 09:28:39,098 [INFO] wqsa.etl —   KLHK101: 82 rows
2026-05-18 09:28:44,084 [INFO] wqsa.etl —   KLHK102: 82 rows
2026-05-18 09:28:45,759 [INFO] wqsa.etl —   KLHK103: 0 rows
2026-05-18 09:28:50,086 [INFO] wqsa.etl —   KLHK104: 82 rows
2026-05-18 09:28:53,915 [INFO] wqsa.etl —   KLHK105: 82 rows
2026-05-18 09:28:57,991 [INFO] wqsa.etl —   KLHK106: 82 rows
2026-05-18 09:29:02,472 [INFO] wqsa.etl —   KLHK107: 82 rows
2026-05-18 09:29:03,405 [INFO] wqsa.etl —   KLHK108: 0 rows
2026-05-18 09:29:07,573 [INFO] wqsa.etl —   KLHK109: 82 rows
2026-05-18 09:29:10,854 [INFO] wqsa.etl —   KLHK11: 82 rows
2026-05-18 09:29:11,592 [INFO] wqsa.etl —   KLHK110: 0 rows
2026-05-18 09:29:15,056 [INFO] wqsa.etl —   KLHK111: 82 rows
2026-05-18 09:29:18,714 [INFO] wqsa.etl —   KLHK112: 82 rows
2026-05-18 09:29:22,233 [INFO] wqsa.etl —   KLHK113: 79 rows
2026-05-18 09:29:26,062 [INFO] wqsa.etl —   KLHK114: 82 rows
2026-05-18 09:29:30,893 [INFO] wqsa.etl —   KLHK115: 82 rows
2026-05-18 09:29:31,717 [INFO] wqsa.etl —   KLHK116: 0 rows
2026-05-18 09:29:36,699 [INFO] wqsa.etl —   KLHK117: 82 rows
2026-05-18 09:29:40,621 [INFO] wqsa.etl —   KLHK118: 82 rows
2026-05-18 09:29:45,685 [INFO] wqsa.etl —   KLHK119: 82 rows
2026-05-18 09:29:45,879 [INFO] wqsa.etl —   KLHK12: 0 rows
2026-05-18 09:29:49,393 [INFO] wqsa.etl —   KLHK120: 82 rows
2026-05-18 09:29:53,096 [INFO] wqsa.etl —   KLHK121: 82 rows
2026-05-18 09:29:57,135 [INFO] wqsa.etl —   KLHK122: 79 rows
2026-05-18 09:30:01,215 [INFO] wqsa.etl —   KLHK123: 82 rows
2026-05-18 09:30:05,348 [INFO] wqsa.etl —   KLHK124: 82 rows
2026-05-18 09:30:09,789 [INFO] wqsa.etl —   KLHK125: 82 rows
2026-05-18 09:30:14,116 [INFO] wqsa.etl —   KLHK126: 82 rows
2026-05-18 09:30:14,918 [INFO] wqsa.etl —   KLHK127: 0 rows
2026-05-18 09:30:19,619 [INFO] wqsa.etl —   KLHK128: 82 rows
2026-05-18 09:30:24,727 [INFO] wqsa.etl —   KLHK129: 82 rows
2026-05-18 09:30:28,036 [INFO] wqsa.etl —   KLHK13: 70 rows
2026-05-18 09:30:32,210 [INFO] wqsa.etl —   KLHK130: 82 rows
2026-05-18 09:30:35,922 [INFO] wqsa.etl —   KLHK131: 82 rows
2026-05-18 09:30:40,177 [INFO] wqsa.etl —   KLHK132: 82 rows
2026-05-18 09:30:46,577 [INFO] wqsa.etl —   KLHK133: 63 rows
2026-05-18 09:30:51,122 [INFO] wqsa.etl —   KLHK134: 82 rows
2026-05-18 09:30:55,590 [INFO] wqsa.etl —   KLHK135: 82 rows
2026-05-18 09:30:59,961 [INFO] wqsa.etl —   KLHK136: 82 rows
2026-05-18 09:31:04,033 [INFO] wqsa.etl —   KLHK137: 82 rows
2026-05-18 09:31:08,493 [INFO] wqsa.etl —   KLHK138: 82 rows
2026-05-18 09:31:11,988 [INFO] wqsa.etl —   KLHK139: 73 rows
2026-05-18 09:31:15,767 [INFO] wqsa.etl —   KLHK14: 69 rows
2026-05-18 09:31:19,472 [INFO] wqsa.etl —   KLHK140: 82 rows
2026-05-18 09:31:23,204 [INFO] wqsa.etl —   KLHK141: 82 rows
2026-05-18 09:31:27,019 [INFO] wqsa.etl —   KLHK142: 82 rows
2026-05-18 09:31:27,848 [INFO] wqsa.etl —   KLHK143: 0 rows
2026-05-18 09:31:31,917 [INFO] wqsa.etl —   KLHK144: 82 rows
2026-05-18 09:31:36,005 [INFO] wqsa.etl —   KLHK145: 82 rows
2026-05-18 09:31:38,980 [INFO] wqsa.etl —   KLHK146: 83 rows
2026-05-18 09:31:43,274 [INFO] wqsa.etl —   KLHK147: 82 rows
2026-05-18 09:31:47,850 [INFO] wqsa.etl —   KLHK148: 82 rows
2026-05-18 09:31:48,469 [INFO] wqsa.etl —   KLHK149: 0 rows
2026-05-18 09:31:50,583 [INFO] wqsa.etl —   KLHK15: 2 rows
2026-05-18 09:31:55,011 [INFO] wqsa.etl —   KLHK150: 82 rows
2026-05-18 09:31:55,676 [INFO] wqsa.etl —   KLHK151: 0 rows
2026-05-18 09:31:59,804 [INFO] wqsa.etl —   KLHK152: 82 rows
2026-05-18 09:32:00,621 [INFO] wqsa.etl —   KLHK153: 0 rows
2026-05-18 09:32:04,886 [INFO] wqsa.etl —   KLHK154: 82 rows
2026-05-18 09:32:08,921 [INFO] wqsa.etl —   KLHK155: 82 rows
2026-05-18 09:32:12,733 [INFO] wqsa.etl —   KLHK156: 82 rows
2026-05-18 09:32:16,421 [INFO] wqsa.etl —   KLHK157: 82 rows
2026-05-18 09:32:19,474 [INFO] wqsa.etl —   KLHK158: 56 rows
2026-05-18 09:32:23,176 [INFO] wqsa.etl —   KLHK159: 82 rows
2026-05-18 09:32:23,664 [INFO] wqsa.etl —   KLHK16: 0 rows
2026-05-18 09:32:24,124 [INFO] wqsa.etl —   KLHK160: 0 rows
2026-05-18 09:32:29,255 [INFO] wqsa.etl —   KLHK161: 82 rows
2026-05-18 09:32:33,923 [INFO] wqsa.etl —   KLHK162: 82 rows
2026-05-18 09:32:35,603 [INFO] wqsa.etl —   KLHK163: 43 rows
2026-05-18 09:32:39,278 [INFO] wqsa.etl —   KLHK164: 82 rows
2026-05-18 09:32:43,337 [INFO] wqsa.etl —   KLHK165: 82 rows
2026-05-18 09:32:46,949 [INFO] wqsa.etl —   KLHK166: 81 rows
2026-05-18 09:32:50,609 [INFO] wqsa.etl —   KLHK167: 80 rows
2026-05-18 09:32:51,234 [INFO] wqsa.etl —   KLHK168: 0 rows
2026-05-18 09:32:52,137 [INFO] wqsa.etl —   KLHK169: 0 rows
2026-05-18 09:32:55,363 [INFO] wqsa.etl —   KLHK17: 81 rows
2026-05-18 09:33:00,265 [INFO] wqsa.etl —   KLHK170: 82 rows
2026-05-18 09:33:04,405 [INFO] wqsa.etl —   KLHK171: 78 rows
2026-05-18 09:33:08,308 [INFO] wqsa.etl —   KLHK172: 82 rows
2026-05-18 09:33:11,945 [INFO] wqsa.etl —   KLHK173: 56 rows
2026-05-18 09:33:12,524 [INFO] wqsa.etl —   KLHK174: 0 rows
2026-05-18 09:33:14,013 [INFO] wqsa.etl —   KLHK175: 24 rows
2026-05-18 09:33:18,270 [INFO] wqsa.etl —   KLHK176: 82 rows
2026-05-18 09:33:19,129 [INFO] wqsa.etl —   KLHK177: 0 rows
2026-05-18 09:33:22,751 [INFO] wqsa.etl —   KLHK178: 82 rows
2026-05-18 09:33:26,946 [INFO] wqsa.etl —   KLHK179: 82 rows
2026-05-18 09:33:28,299 [INFO] wqsa.etl —   KLHK18: 1 rows
2026-05-18 09:33:29,118 [INFO] wqsa.etl —   KLHK180: 0 rows
2026-05-18 09:33:32,834 [INFO] wqsa.etl —   KLHK181: 63 rows
2026-05-18 09:33:35,820 [INFO] wqsa.etl —   KLHK182: 70 rows
2026-05-18 09:33:39,872 [INFO] wqsa.etl —   KLHK183: 81 rows
2026-05-18 09:33:44,932 [INFO] wqsa.etl —   KLHK184: 82 rows
2026-05-18 09:33:45,472 [INFO] wqsa.etl —   KLHK185: 0 rows
2026-05-18 09:33:48,495 [INFO] wqsa.etl —   KLHK186: 79 rows
2026-05-18 09:33:49,875 [INFO] wqsa.etl —   KLHK187: 6 rows
2026-05-18 09:33:53,821 [INFO] wqsa.etl —   KLHK188: 77 rows
2026-05-18 09:33:57,759 [INFO] wqsa.etl —   KLHK189: 82 rows
2026-05-18 09:34:01,124 [INFO] wqsa.etl —   KLHK19: 82 rows
2026-05-18 09:34:04,898 [INFO] wqsa.etl —   KLHK190: 74 rows
2026-05-18 09:34:07,955 [INFO] wqsa.etl —   KLHK191: 82 rows
2026-05-18 09:34:12,042 [INFO] wqsa.etl —   KLHK192: 82 rows
2026-05-18 09:34:15,310 [INFO] wqsa.etl —   KLHK193: 65 rows
2026-05-18 09:34:17,133 [INFO] wqsa.etl —   KLHK194: 11 rows
2026-05-18 09:34:20,070 [INFO] wqsa.etl —   KLHK195: 59 rows
2026-05-18 09:34:22,288 [INFO] wqsa.etl —   KLHK196: 31 rows
2026-05-18 09:34:24,973 [INFO] wqsa.etl —   KLHK197: 81 rows
2026-05-18 09:34:30,803 [INFO] wqsa.etl —   KLHK198: 80 rows
2026-05-18 09:34:33,988 [INFO] wqsa.etl —   KLHK199: 81 rows
2026-05-18 09:34:35,538 [INFO] wqsa.etl —   KLHK2: 44 rows
2026-05-18 09:34:39,973 [INFO] wqsa.etl —   KLHK20: 80 rows
2026-05-18 09:34:41,578 [WARNING] urllib3.connectionpool — Retrying (Retry(total=2, connect=None, read=None, redirect=None, status=None)) after connection broken by 'RemoteDisconnected('Remote end closed connection without response')': /api/v3/monitoring/?station_id=KLHK200&date_start=2026-05-15&date_end=2026-05-18&per_page=50&page=1
2026-05-18 09:34:44,934 [INFO] wqsa.etl —   KLHK200: 80 rows
2026-05-18 09:34:45,604 [INFO] wqsa.etl —   KLHK201: 0 rows
2026-05-18 09:34:49,032 [INFO] wqsa.etl —   KLHK202: 73 rows
2026-05-18 09:34:51,608 [INFO] wqsa.etl —   KLHK203: 82 rows
2026-05-18 09:34:53,297 [INFO] wqsa.etl —   KLHK204: 46 rows
2026-05-18 09:34:56,318 [INFO] wqsa.etl —   KLHK205: 80 rows
2026-05-18 09:34:57,056 [INFO] wqsa.etl —   KLHK206: 0 rows
2026-05-18 09:35:00,139 [INFO] wqsa.etl —   KLHK207: 81 rows
2026-05-18 09:35:00,310 [INFO] wqsa.etl —   KLHK208: 0 rows
2026-05-18 09:35:03,621 [INFO] wqsa.etl —   KLHK209: 82 rows
2026-05-18 09:35:04,681 [INFO] wqsa.etl —   KLHK21: 0 rows
2026-05-18 09:35:07,987 [INFO] wqsa.etl —   KLHK210: 78 rows
2026-05-18 09:35:12,772 [INFO] wqsa.etl —   KLHK211: 75 rows
2026-05-18 09:41:44,898 [ERROR] wqsa.etl — sparing_logger sync failed: 403 Client Error: Forbidden for url: https://api-sparing.kemenlh.go.id/ibex/logger?per_page=50&page=1
2026-05-18 09:41:45,172 [ERROR] wqsa.etl — sparing_monitoring sync failed: 403 Client Error: Forbidden for url: https://api-sparing.kemenlh.go.id/ibex/daily?date_from=2026-05-15&per_page=1000&page=1
2026-05-18 09:43:22,539 [INFO] wqsa.etl —   KLHK212: 4763 rows
2026-05-18 09:43:29,786 [INFO] wqsa.etl —   KLHK213: 71 rows
2026-05-18 09:43:32,483 [INFO] wqsa.etl —   KLHK214: 82 rows
2026-05-18 09:43:32,940 [INFO] wqsa.etl —   KLHK215: 0 rows
2026-05-18 09:43:33,696 [INFO] wqsa.etl —   KLHK216: 0 rows
2026-05-18 09:46:31,673 [INFO] wqsa.etl —   KLHK217: 4841 rows
2026-05-18 09:46:34,560 [INFO] wqsa.etl —   KLHK218: 72 rows
2026-05-18 09:46:37,081 [INFO] wqsa.etl —   KLHK219: 51 rows
2026-05-18 09:46:37,597 [INFO] wqsa.etl —   KLHK22: 0 rows
2026-05-18 09:46:48,136 [INFO] wqsa.etl —   KLHK220: 82 rows
2026-05-18 09:46:48,779 [INFO] wqsa.etl —   KLHK221: 0 rows
2026-05-18 09:46:51,336 [INFO] wqsa.etl —   KLHK222: 79 rows
2026-05-18 09:46:52,218 [INFO] wqsa.etl —   KLHK223: 0 rows
2026-05-18 09:46:53,205 [INFO] wqsa.etl —   KLHK224: 20 rows
2026-05-18 09:46:59,616 [INFO] wqsa.etl —   KLHK225: 81 rows
2026-05-18 09:47:02,941 [INFO] wqsa.etl —   KLHK226: 82 rows
2026-05-18 09:47:06,146 [INFO] wqsa.etl —   KLHK227: 79 rows
2026-05-18 09:47:08,848 [INFO] wqsa.etl —   KLHK228: 81 rows
2026-05-18 09:47:20,773 [INFO] wqsa.etl —   KLHK229: 82 rows
2026-05-18 09:47:25,322 [INFO] wqsa.etl —   KLHK23: 80 rows
2026-05-18 09:47:27,611 [INFO] wqsa.etl —   KLHK230: 77 rows
2026-05-18 09:47:30,795 [INFO] wqsa.etl —   KLHK231: 81 rows
2026-05-18 09:47:33,352 [INFO] wqsa.etl —   KLHK232: 73 rows
2026-05-18 09:47:34,581 [INFO] wqsa.etl —   KLHK233: 2 rows
2026-05-18 09:47:41,837 [INFO] wqsa.etl —   KLHK234: 81 rows
2026-05-18 09:47:45,775 [INFO] wqsa.etl —   KLHK235: 78 rows
2026-05-18 09:47:49,789 [INFO] wqsa.etl —   KLHK236: 77 rows
2026-05-18 09:47:52,631 [INFO] wqsa.etl —   KLHK237: 80 rows
2026-05-18 09:52:41,563 [WARNING] urllib3.connectionpool — Retrying (Retry(total=2, connect=None, read=None, redirect=None, status=None)) after connection broken by 'RemoteDisconnected('Remote end closed connection without response')': /api/v3/monitoring/?station_id=KLHK238&date_start=2026-05-15&date_end=2026-05-18&per_page=50&page=73
2026-05-18 09:54:46,989 [INFO] wqsa.etl —   KLHK238: 4895 rows
2026-05-18 09:54:50,207 [INFO] wqsa.etl —   KLHK239: 79 rows
2026-05-18 09:54:53,705 [INFO] wqsa.etl —   KLHK24: 69 rows
2026-05-18 09:56:49,614 [WARNING] urllib3.connectionpool — Retrying (Retry(total=2, connect=None, read=None, redirect=None, status=None)) after connection broken by 'RemoteDisconnected('Remote end closed connection without response')': /api/v3/monitoring/?station_id=KLHK240&date_start=2026-05-15&date_end=2026-05-18&per_page=50&page=17
2026-05-18 09:58:58,457 [INFO] wqsa.etl —   KLHK240: 2404 rows
2026-05-18 09:59:01,169 [INFO] wqsa.etl —   KLHK241: 82 rows
2026-05-18 09:59:04,092 [INFO] wqsa.etl —   KLHK242: 81 rows
2026-05-18 09:59:13,490 [INFO] wqsa.etl —   KLHK243: 81 rows
2026-05-18 09:59:15,197 [INFO] wqsa.etl —   KLHK244: 24 rows
2026-05-18 09:59:18,210 [INFO] wqsa.etl —   KLHK245: 82 rows
2026-05-18 09:59:21,576 [INFO] wqsa.etl —   KLHK246: 82 rows
2026-05-18 09:59:24,321 [INFO] wqsa.etl —   KLHK247: 81 rows
2026-05-18 09:59:27,373 [INFO] wqsa.etl —   KLHK248: 82 rows
2026-05-18 09:59:30,182 [INFO] wqsa.etl —   KLHK249: 82 rows
2026-05-18 09:59:31,047 [INFO] wqsa.etl —   KLHK25: 0 rows
2026-05-18 09:59:34,523 [INFO] wqsa.etl —   KLHK250: 80 rows
2026-05-18 09:59:37,655 [INFO] wqsa.etl —   KLHK251: 82 rows
2026-05-18 09:59:42,067 [INFO] wqsa.etl —   KLHK252: 82 rows
2026-05-18 09:59:49,908 [INFO] wqsa.etl —   KLHK253: 83 rows
2026-05-18 09:59:56,284 [INFO] wqsa.etl —   KLHK254: 83 rows
2026-05-18 09:59:57,988 [INFO] wqsa.etl —   KLHK255: 25 rows
2026-05-18 10:00:03,458 [INFO] wqsa.etl —   KLHK256: 83 rows
2026-05-18 10:00:06,280 [INFO] wqsa.etl —   KLHK257: 83 rows
2026-05-18 10:00:09,282 [INFO] wqsa.etl —   KLHK258: 83 rows
2026-05-18 10:00:12,400 [INFO] wqsa.etl —   KLHK259: 83 rows
2026-05-18 10:00:12,897 [INFO] wqsa.etl —   KLHK26: 0 rows
2026-05-18 10:00:15,927 [INFO] wqsa.etl —   KLHK260: 83 rows
2026-05-18 10:00:18,310 [INFO] wqsa.etl —   KLHK261: 83 rows
2026-05-18 10:00:20,644 [INFO] wqsa.etl —   KLHK262: 83 rows
2026-05-18 10:00:23,292 [INFO] wqsa.etl —   KLHK263: 83 rows
2026-05-18 10:00:26,445 [INFO] wqsa.etl —   KLHK264: 83 rows
2026-05-18 10:00:29,930 [INFO] wqsa.etl —   KLHK265: 83 rows
2026-05-18 10:00:32,990 [INFO] wqsa.etl —   KLHK266: 83 rows
2026-05-18 10:00:35,890 [INFO] wqsa.etl —   KLHK267: 83 rows
2026-05-18 10:00:37,557 [WARNING] urllib3.connectionpool — Retrying (Retry(total=2, connect=None, read=None, redirect=None, status=None)) after connection broken by 'RemoteDisconnected('Remote end closed connection without response')': /api/v3/monitoring/?station_id=KLHK268&date_start=2026-05-15&date_end=2026-05-18&per_page=50&page=2
2026-05-18 10:00:39,611 [INFO] wqsa.etl —   KLHK268: 83 rows
2026-05-18 10:00:42,901 [INFO] wqsa.etl —   KLHK269: 83 rows
2026-05-18 10:00:43,308 [INFO] wqsa.etl —   KLHK27: 0 rows
2026-05-18 10:00:46,260 [INFO] wqsa.etl —   KLHK270: 67 rows
2026-05-18 10:00:49,219 [INFO] wqsa.etl —   KLHK271: 83 rows
2026-05-18 10:00:52,178 [INFO] wqsa.etl —   KLHK272: 83 rows
2026-05-18 10:00:54,840 [INFO] wqsa.etl —   KLHK273: 83 rows
2026-05-18 10:00:57,660 [INFO] wqsa.etl —   KLHK274: 83 rows
2026-05-18 10:01:00,059 [INFO] wqsa.etl —   KLHK275: 82 rows
2026-05-18 10:01:00,516 [INFO] wqsa.etl —   KLHK276: 0 rows
2026-05-18 10:01:03,290 [INFO] wqsa.etl —   KLHK277: 76 rows
2026-05-18 10:01:05,859 [INFO] wqsa.etl —   KLHK278: 83 rows
2026-05-18 10:01:07,841 [INFO] wqsa.etl —   KLHK279: 83 rows
2026-05-18 10:01:10,181 [INFO] wqsa.etl —   KLHK28: 82 rows
2026-05-18 10:01:13,371 [INFO] wqsa.etl —   KLHK280: 83 rows
2026-05-18 10:01:15,704 [INFO] wqsa.etl —   KLHK281: 83 rows
2026-05-18 10:01:18,507 [INFO] wqsa.etl —   KLHK282: 83 rows
2026-05-18 10:01:20,828 [INFO] wqsa.etl —   KLHK283: 83 rows
2026-05-18 10:01:21,466 [INFO] wqsa.etl —   KLHK284: 0 rows
2026-05-18 10:01:24,382 [INFO] wqsa.etl —   KLHK285: 83 rows
2026-05-18 10:01:26,806 [INFO] wqsa.etl —   KLHK286: 82 rows
2026-05-18 10:01:29,120 [INFO] wqsa.etl —   KLHK287: 83 rows
2026-05-18 10:01:31,746 [INFO] wqsa.etl —   KLHK288: 80 rows
2026-05-18 10:01:34,488 [INFO] wqsa.etl —   KLHK289: 82 rows
2026-05-18 10:01:37,191 [INFO] wqsa.etl —   KLHK29: 81 rows
2026-05-18 10:01:40,052 [INFO] wqsa.etl —   KLHK290: 83 rows
2026-05-18 10:01:43,391 [INFO] wqsa.etl —   KLHK291: 83 rows
2026-05-18 10:01:44,770 [INFO] wqsa.etl —   KLHK292: 46 rows
2026-05-18 10:01:47,328 [INFO] wqsa.etl —   KLHK293: 83 rows
2026-05-18 10:01:50,152 [INFO] wqsa.etl —   KLHK294: 83 rows
2026-05-18 10:01:52,906 [INFO] wqsa.etl —   KLHK295: 83 rows
2026-05-18 10:01:55,745 [INFO] wqsa.etl —   KLHK296: 83 rows
2026-05-18 10:01:57,993 [INFO] wqsa.etl —   KLHK297: 83 rows
2026-05-18 10:02:00,448 [INFO] wqsa.etl —   KLHK298: 83 rows
2026-05-18 10:02:02,999 [INFO] wqsa.etl —   KLHK299: 62 rows
2026-05-18 10:02:03,204 [INFO] wqsa.etl —   KLHK3: 0 rows
2026-05-18 10:02:06,374 [INFO] wqsa.etl —   KLHK30: 81 rows
2026-05-18 10:02:07,184 [INFO] wqsa.etl —   KLHK300: 1 rows
2026-05-18 10:02:07,694 [INFO] wqsa.etl —   KLHK301: 0 rows
2026-05-18 10:02:08,113 [INFO] wqsa.etl —   KLHK302: 0 rows
2026-05-18 10:02:10,922 [INFO] wqsa.etl —   KLHK303: 83 rows
2026-05-18 10:02:11,371 [INFO] wqsa.etl —   KLHK304: 0 rows
2026-05-18 10:02:13,455 [INFO] wqsa.etl —   KLHK305: 83 rows
2026-05-18 10:02:15,920 [INFO] wqsa.etl —   KLHK306: 83 rows
2026-05-18 10:02:17,070 [INFO] wqsa.etl —   KLHK307: 2 rows
2026-05-18 10:02:19,210 [INFO] wqsa.etl —   KLHK308: 83 rows
2026-05-18 10:02:21,378 [INFO] wqsa.etl —   KLHK309: 83 rows
2026-05-18 10:02:22,854 [INFO] wqsa.etl —   KLHK31: 44 rows
2026-05-18 10:02:25,257 [INFO] wqsa.etl —   KLHK310: 83 rows
2026-05-18 10:02:25,629 [INFO] wqsa.etl —   KLHK311: 0 rows
2026-05-18 10:02:27,747 [INFO] wqsa.etl —   KLHK312: 83 rows
2026-05-18 10:02:30,183 [INFO] wqsa.etl —   KLHK313: 83 rows
2026-05-18 10:02:32,181 [INFO] wqsa.etl —   KLHK314: 83 rows
2026-05-18 10:02:34,767 [INFO] wqsa.etl —   KLHK315: 83 rows
2026-05-18 10:02:37,449 [INFO] wqsa.etl —   KLHK316: 83 rows
2026-05-18 10:02:38,017 [INFO] wqsa.etl —   KLHK317: 0 rows
2026-05-18 10:02:38,769 [INFO] wqsa.etl —   KLHK318: 0 rows
2026-05-18 10:02:39,702 [INFO] wqsa.etl —   KLHK319: 0 rows
2026-05-18 10:02:42,976 [INFO] wqsa.etl —   KLHK32: 73 rows
2026-05-18 10:02:43,977 [INFO] wqsa.etl —   KLHK320: 0 rows
2026-05-18 10:02:44,847 [INFO] wqsa.etl —   KLHK321: 0 rows
2026-05-18 10:02:47,871 [INFO] wqsa.etl —   KLHK322: 82 rows
2026-05-18 10:02:50,424 [INFO] wqsa.etl —   KLHK323: 82 rows
2026-05-18 10:02:52,250 [INFO] wqsa.etl —   KLHK324: 6 rows
2026-05-18 10:02:55,319 [INFO] wqsa.etl —   KLHK325: 81 rows
2026-05-18 10:02:57,995 [INFO] wqsa.etl —   KLHK326: 82 rows
2026-05-18 10:02:59,898 [INFO] wqsa.etl —   KLHK327: 39 rows
2026-05-18 10:03:00,744 [INFO] wqsa.etl —   KLHK328: 0 rows
2026-05-18 10:03:01,189 [INFO] wqsa.etl —   KLHK329: 0 rows
2026-05-18 10:03:04,649 [INFO] wqsa.etl —   KLHK33: 82 rows
2026-05-18 10:03:07,694 [INFO] wqsa.etl —   KLHK330: 82 rows
2026-05-18 10:03:10,138 [INFO] wqsa.etl —   KLHK331: 83 rows
2026-05-18 10:03:12,868 [INFO] wqsa.etl —   KLHK332: 82 rows
2026-05-18 10:03:15,435 [INFO] wqsa.etl —   KLHK333: 83 rows
2026-05-18 10:03:16,226 [INFO] wqsa.etl —   KLHK334: 0 rows
2026-05-18 10:03:19,609 [INFO] wqsa.etl —   KLHK335: 82 rows
2026-05-18 10:03:22,540 [INFO] wqsa.etl —   KLHK336: 82 rows
2026-05-18 10:03:26,322 [INFO] wqsa.etl —   KLHK337: 81 rows
2026-05-18 10:03:29,195 [INFO] wqsa.etl —   KLHK338: 53 rows
2026-05-18 10:03:32,586 [INFO] wqsa.etl —   KLHK339: 81 rows
2026-05-18 10:03:35,862 [INFO] wqsa.etl —   KLHK34: 82 rows
2026-05-18 10:03:36,556 [INFO] wqsa.etl —   KLHK340: 0 rows
2026-05-18 10:03:38,507 [INFO] wqsa.etl —   KLHK341: 83 rows
2026-05-18 10:03:42,026 [INFO] wqsa.etl —   KLHK342: 82 rows
2026-05-18 10:03:45,753 [INFO] wqsa.etl —   KLHK343: 64 rows
2026-05-18 10:03:48,229 [INFO] wqsa.etl —   KLHK344: 83 rows
2026-05-18 10:03:51,468 [INFO] wqsa.etl —   KLHK345: 82 rows
2026-05-18 10:03:52,474 [INFO] wqsa.etl —   KLHK346: 0 rows
2026-05-18 10:03:55,582 [INFO] wqsa.etl —   KLHK347: 82 rows
2026-05-18 10:03:56,234 [INFO] wqsa.etl —   KLHK35: 0 rows
2026-05-18 10:03:56,642 [INFO] wqsa.etl —   KLHK36: 0 rows
2026-05-18 10:04:00,542 [INFO] wqsa.etl —   KLHK37: 83 rows
2026-05-18 10:04:04,157 [INFO] wqsa.etl —   KLHK38: 81 rows
2026-05-18 10:04:04,538 [INFO] wqsa.etl —   KLHK39: 0 rows
2026-05-18 10:04:10,406 [INFO] wqsa.etl —   KLHK4: 83 rows
2026-05-18 10:04:15,022 [INFO] wqsa.etl —   KLHK40: 82 rows
2026-05-18 10:04:18,832 [INFO] wqsa.etl —   KLHK41: 83 rows
2026-05-18 10:04:23,871 [INFO] wqsa.etl —   KLHK42: 81 rows
2026-05-18 10:04:28,588 [INFO] wqsa.etl —   KLHK43: 81 rows
2026-05-18 10:04:28,809 [INFO] wqsa.etl —   KLHK44: 0 rows
2026-05-18 10:04:29,036 [INFO] wqsa.etl —   KLHK45: 0 rows
2026-05-18 10:04:29,369 [INFO] wqsa.etl —   KLHK46: 0 rows
2026-05-18 10:04:29,531 [INFO] wqsa.etl —   KLHK47: 0 rows
2026-05-18 10:04:29,776 [INFO] wqsa.etl —   KLHK48: 0 rows
2026-05-18 10:04:30,027 [INFO] wqsa.etl —   KLHK49: 0 rows
2026-05-18 10:04:34,262 [INFO] wqsa.etl —   KLHK5: 83 rows
2026-05-18 10:04:48,033 [INFO] wqsa.etl —   KLHK50: 82 rows
2026-05-18 10:04:53,083 [INFO] wqsa.etl —   KLHK51: 75 rows
2026-05-18 10:04:57,173 [INFO] wqsa.etl —   KLHK52: 82 rows
2026-05-18 10:04:57,612 [INFO] wqsa.etl —   KLHK53: 0 rows
2026-05-18 10:04:58,458 [INFO] wqsa.etl —   KLHK54: 0 rows
2026-05-18 10:05:03,283 [INFO] wqsa.etl —   KLHK55: 80 rows
2026-05-18 10:06:30,272 [ERROR] wqsa.etl — sparing_logger sync failed: (1406, "Data too long for column 'mac_address' at row 1")
2026-05-18 10:06:30,272 [WARNING] wqsa.etl — No loggers in DB — run sync_sparing_logger first
2026-05-18 10:07:41,554 [WARNING] urllib3.connectionpool — Retrying (Retry(total=2, connect=None, read=None, redirect=None, status=None)) after connection broken by 'RemoteDisconnected('Remote end closed connection without response')': /api/v3/monitoring/?station_id=KLHK56&date_start=2026-05-15&date_end=2026-05-18&per_page=50&page=50
2026-05-18 10:08:59,766 [ERROR] wqsa.etl — sparing_logger sync failed: object of type 'NoneType' has no len()
2026-05-18 10:08:59,766 [WARNING] wqsa.etl — No loggers in DB — run sync_sparing_logger first
2026-05-18 10:09:43,131 [ERROR] wqsa.etl — sparing_logger sync failed: (1406, "Data too long for column 'waste_water_source' at row 1")
2026-05-18 10:09:43,136 [WARNING] wqsa.etl — No loggers in DB — run sync_sparing_logger first
2026-05-18 10:10:47,293 [INFO] wqsa.etl —   KLHK56: 4931 rows
2026-05-18 10:10:48,074 [INFO] wqsa.etl —   KLHK57: 0 rows
2026-05-18 10:10:48,320 [INFO] wqsa.etl —   KLHK58: 0 rows
2026-05-18 10:10:51,506 [INFO] wqsa.etl —   KLHK59: 80 rows
2026-05-18 10:10:54,530 [INFO] wqsa.etl —   KLHK6: 83 rows
2026-05-18 10:10:54,782 [INFO] wqsa.etl —   KLHK60: 0 rows
2026-05-18 10:10:54,962 [INFO] wqsa.etl —   KLHK61: 0 rows
2026-05-18 10:10:58,924 [INFO] wqsa.etl —   KLHK62: 83 rows
2026-05-18 10:11:00,913 [INFO] wqsa.etl —   KLHK63: 14 rows
2026-05-18 10:11:02,182 [INFO] wqsa.etl —   KLHK64: 0 rows
2026-05-18 10:11:06,055 [INFO] wqsa.etl —   KLHK65: 83 rows
2026-05-18 10:11:10,503 [INFO] wqsa.etl —   KLHK66: 71 rows
2026-05-18 10:11:14,688 [INFO] wqsa.etl —   KLHK67: 83 rows
2026-05-18 10:11:18,749 [INFO] wqsa.etl —   KLHK68: 83 rows
2026-05-18 10:11:23,160 [INFO] wqsa.etl —   KLHK69: 83 rows
2026-05-18 10:11:28,195 [INFO] wqsa.etl —   KLHK7: 83 rows
2026-05-18 10:11:32,933 [INFO] wqsa.etl —   KLHK70: 83 rows
2026-05-18 10:11:37,859 [INFO] wqsa.etl —   KLHK71: 83 rows
2026-05-18 10:11:43,860 [INFO] wqsa.etl —   KLHK72: 84 rows
2026-05-18 10:11:48,780 [INFO] wqsa.etl —   KLHK73: 79 rows
2026-05-18 10:11:53,990 [INFO] wqsa.etl —   KLHK74: 83 rows
2026-05-18 10:11:54,747 [INFO] wqsa.etl —   KLHK75: 0 rows
2026-05-18 10:11:58,904 [INFO] wqsa.etl —   KLHK76: 83 rows
2026-05-18 10:12:00,524 [ERROR] wqsa.etl — sparing_logger sync failed: (1264, "Out of range value for column 'latitude' at row 1")
2026-05-18 10:12:00,531 [WARNING] wqsa.etl — No loggers in DB — run sync_sparing_logger first
2026-05-18 10:12:03,322 [INFO] wqsa.etl —   KLHK77: 83 rows
2026-05-18 10:12:07,573 [INFO] wqsa.etl —   KLHK78: 54 rows
2026-05-18 10:12:08,876 [INFO] wqsa.etl —   KLHK79: 0 rows
2026-05-18 10:12:13,528 [INFO] wqsa.etl —   KLHK8: 83 rows
2026-05-18 10:12:17,624 [INFO] wqsa.etl —   KLHK80: 83 rows
2026-05-18 10:12:21,407 [INFO] wqsa.etl —   KLHK81: 83 rows
2026-05-18 10:12:25,638 [INFO] wqsa.etl —   KLHK82: 83 rows
2026-05-18 10:12:31,081 [INFO] wqsa.etl —   KLHK83: 83 rows
2026-05-18 10:12:35,278 [INFO] wqsa.etl —   KLHK84: 83 rows
2026-05-18 10:12:39,801 [INFO] wqsa.etl —   KLHK85: 83 rows
2026-05-18 10:12:44,985 [INFO] wqsa.etl —   KLHK86: 83 rows
2026-05-18 10:12:45,981 [INFO] wqsa.etl —   KLHK87: 0 rows
2026-05-18 10:12:49,900 [INFO] wqsa.etl —   KLHK88: 83 rows
2026-05-18 10:12:54,159 [INFO] wqsa.etl —   KLHK89: 83 rows
2026-05-18 10:12:58,481 [INFO] wqsa.etl —   KLHK9: 83 rows
2026-05-18 10:13:02,317 [INFO] wqsa.etl —   KLHK90: 72 rows
2026-05-18 10:13:06,157 [INFO] wqsa.etl —   KLHK91: 83 rows
2026-05-18 10:13:07,268 [INFO] wqsa.etl —   KLHK92: 0 rows
2026-05-18 10:13:08,198 [INFO] wqsa.etl —   KLHK93: 0 rows
2026-05-18 10:13:12,807 [INFO] wqsa.etl —   KLHK94: 82 rows
2026-05-18 10:13:17,377 [INFO] wqsa.etl —   KLHK95: 83 rows
2026-05-18 10:13:21,166 [INFO] wqsa.etl —   KLHK96: 83 rows
2026-05-18 10:13:22,130 [INFO] wqsa.etl —   KLHK97: 0 rows
2026-05-18 10:13:26,090 [INFO] wqsa.etl —   KLHK98: 83 rows
2026-05-18 10:13:30,052 [INFO] wqsa.etl —   KLHK99: 83 rows
2026-05-18 10:13:30,102 [INFO] wqsa.etl —   KLUNGKUNG-1: 0 rows
2026-05-18 10:13:30,176 [INFO] wqsa.etl —   KULONPROGO-1: 0 rows
2026-05-18 10:13:30,220 [INFO] wqsa.etl —   KUTAIKAR-1: 0 rows
2026-05-18 10:13:30,285 [INFO] wqsa.etl —   KUTAIKAR-2: 0 rows
2026-05-18 10:13:30,336 [INFO] wqsa.etl —   LAMONGAN-1: 0 rows
2026-05-18 10:13:30,403 [INFO] wqsa.etl —   LAMONGAN-2: 0 rows
2026-05-18 10:13:30,498 [INFO] wqsa.etl —   LAMPUNG SELATAN-1: 0 rows
2026-05-18 10:13:30,570 [INFO] wqsa.etl —   LAMPUNG TENGAH-1: 0 rows
2026-05-18 10:13:30,624 [INFO] wqsa.etl —   LEBAK-1: 0 rows
2026-05-18 10:13:30,675 [INFO] wqsa.etl —   LIMAPULUHKOTA-1: 0 rows
2026-05-18 10:13:30,731 [INFO] wqsa.etl —   LINGGA-1: 0 rows
2026-05-18 10:13:30,781 [INFO] wqsa.etl —   LOKTIM-1: 0 rows
2026-05-18 10:13:30,858 [INFO] wqsa.etl —   LOMBOKTENGAH-1: 0 rows
2026-05-18 10:13:30,923 [INFO] wqsa.etl —   LUMAJANG-1: 0 rows
2026-05-18 10:13:31,014 [INFO] wqsa.etl —   LUWU-1: 0 rows
2026-05-18 10:13:31,078 [INFO] wqsa.etl —   MAJALENGKA-1: 0 rows
2026-05-18 10:13:31,153 [INFO] wqsa.etl —   MALUT-1: 0 rows
2026-05-18 10:13:31,216 [INFO] wqsa.etl —   MAMUJU-1: 0 rows
2026-05-18 10:13:31,269 [INFO] wqsa.etl —   MANOKWARI-1: 0 rows
2026-05-18 10:13:31,351 [INFO] wqsa.etl —   MAPPI-1: 0 rows
2026-05-18 10:13:31,414 [INFO] wqsa.etl —   MATARAM-1: 0 rows
2026-05-18 10:13:31,484 [INFO] wqsa.etl —   MENTAWAI-1: 0 rows
2026-05-18 10:13:31,533 [INFO] wqsa.etl —   MERANGIN-1: 0 rows
2026-05-18 10:13:31,582 [INFO] wqsa.etl —   MERAUKE-1: 0 rows
2026-05-18 10:13:31,655 [INFO] wqsa.etl —   MIMIKA-1: 0 rows
2026-05-18 10:13:31,712 [INFO] wqsa.etl —   MIMIKA-2: 0 rows
2026-05-18 10:13:31,769 [INFO] wqsa.etl —   MIMIKA-3: 0 rows
2026-05-18 10:13:31,822 [INFO] wqsa.etl —   MIMIKA-4: 0 rows
2026-05-18 10:13:31,883 [INFO] wqsa.etl —   MOROWALI-1: 0 rows
2026-05-18 10:13:31,958 [INFO] wqsa.etl —   MOROWALIUTARA-1: 0 rows
2026-05-18 10:13:32,046 [INFO] wqsa.etl —   MUSIBANYUASIN-1: 0 rows
2026-05-18 10:13:32,121 [INFO] wqsa.etl —   MUSIRAWAS-1: 0 rows
2026-05-18 10:13:32,214 [INFO] wqsa.etl —   MUSIRAWAS-2: 0 rows
2026-05-18 10:13:32,268 [INFO] wqsa.etl —   NGANJUK-1: 0 rows
2026-05-18 10:13:32,319 [INFO] wqsa.etl —   NGAWI-1: 0 rows
2026-05-18 10:13:32,532 [INFO] wqsa.etl —   NIASUTARA-1: 0 rows
2026-05-18 10:13:32,585 [INFO] wqsa.etl —   NTB-1: 0 rows
2026-05-18 10:13:32,654 [INFO] wqsa.etl —   PADANG PARIAMAN-1: 0 rows
2026-05-18 10:13:32,718 [INFO] wqsa.etl —   PAMEKASAN-1: 0 rows
2026-05-18 10:13:32,774 [INFO] wqsa.etl —   PASURUAN-1: 0 rows
2026-05-18 10:13:32,833 [INFO] wqsa.etl —   PATI-1: 0 rows
2026-05-18 10:13:32,892 [INFO] wqsa.etl —   PAYAKUMBUH-1: 0 rows
2026-05-18 10:13:32,969 [INFO] wqsa.etl —   PEGUNUNGANBINTANG-1: 0 rows
2026-05-18 10:13:33,031 [INFO] wqsa.etl —   PINRANG-1: 0 rows
2026-05-18 10:13:33,086 [INFO] wqsa.etl —   POLEWALIMANDAR-1: 0 rows
2026-05-18 10:13:33,145 [INFO] wqsa.etl —   PROBOLINGGO-1: 0 rows
2026-05-18 10:13:33,187 [INFO] wqsa.etl —   PULANGPISAU-1: 0 rows
2026-05-18 10:13:33,261 [INFO] wqsa.etl —   PURBALINGGA-1: 0 rows
2026-05-18 10:13:33,314 [INFO] wqsa.etl —   PURBALINGGA-2: 0 rows
2026-05-18 10:13:33,371 [INFO] wqsa.etl —   RAJA AMPAT-1: 0 rows
2026-05-18 10:13:33,422 [INFO] wqsa.etl —   RIAU-1: 0 rows
2026-05-18 10:13:33,476 [INFO] wqsa.etl —   ROKAN HILIR-1: 0 rows
2026-05-18 10:13:33,538 [INFO] wqsa.etl —   SAMBAS-1: 0 rows
2026-05-18 10:13:33,599 [INFO] wqsa.etl —   SAMOSIR-1: 0 rows
2026-05-18 10:13:33,656 [INFO] wqsa.etl —   SELAYAR-1: 0 rows
2026-05-18 10:13:33,710 [INFO] wqsa.etl —   SEMARANG-1: 0 rows
2026-05-18 10:13:33,764 [INFO] wqsa.etl —   SEMARANG-2: 0 rows
2026-05-18 10:13:33,822 [INFO] wqsa.etl —   SERANG-1: 0 rows
2026-05-18 10:13:33,876 [INFO] wqsa.etl —   SIDOARJO-1: 0 rows
2026-05-18 10:13:33,930 [INFO] wqsa.etl —   SIMALUNGUN-1: 0 rows
2026-05-18 10:13:33,984 [INFO] wqsa.etl —   SINJAI-1: 0 rows
2026-05-18 10:13:34,041 [INFO] wqsa.etl —   SINTANG-1: 0 rows
2026-05-18 10:13:34,096 [INFO] wqsa.etl —   SOLOK-1: 0 rows
2026-05-18 10:13:34,152 [INFO] wqsa.etl —   SORONG-1: 0 rows
2026-05-18 10:13:34,214 [INFO] wqsa.etl —   SORONG-2: 0 rows
2026-05-18 10:13:34,268 [INFO] wqsa.etl —   SUBULUSSALAM-1: 0 rows
2026-05-18 10:13:34,332 [INFO] wqsa.etl —   SUKABUMI-1: 0 rows
2026-05-18 10:13:34,383 [INFO] wqsa.etl —   SUKABUMI-2: 0 rows
2026-05-18 10:13:34,440 [INFO] wqsa.etl —   SUKAMARA-1: 0 rows
2026-05-18 10:13:34,501 [INFO] wqsa.etl —   SULBAR-1: 0 rows
2026-05-18 10:13:34,552 [INFO] wqsa.etl —   SULSEL-1: 0 rows
2026-05-18 10:13:34,603 [INFO] wqsa.etl —   SULTRA-1: 0 rows
2026-05-18 10:13:34,651 [INFO] wqsa.etl —   SULTRA-2: 0 rows
2026-05-18 10:13:34,701 [INFO] wqsa.etl —   SUMBA TENGAH-1: 0 rows
2026-05-18 10:13:34,788 [INFO] wqsa.etl —   SUMBA TIMUR-1: 0 rows
2026-05-18 10:13:34,844 [INFO] wqsa.etl —   SUMBAWA-1: 0 rows
2026-05-18 10:13:34,906 [INFO] wqsa.etl —   SUMBAWA-2: 0 rows
2026-05-18 10:13:34,955 [INFO] wqsa.etl —   SUMENEP-1: 0 rows
2026-05-18 10:13:35,045 [INFO] wqsa.etl —   SUMSEL-1: 0 rows
2026-05-18 10:13:35,102 [INFO] wqsa.etl —   SUMUT-1: 0 rows
2026-05-18 10:13:35,164 [INFO] wqsa.etl —   TALAUD-1: 0 rows
2026-05-18 10:13:35,246 [INFO] wqsa.etl —   TANAH BUMBU-1: 0 rows
2026-05-18 10:13:35,469 [INFO] wqsa.etl —   TANAHDATAR-1: 0 rows
2026-05-18 10:13:35,532 [INFO] wqsa.etl —   TANAHLAUT-1: 0 rows
2026-05-18 10:13:35,588 [INFO] wqsa.etl —   TANATORAJA-1: 0 rows
2026-05-18 10:13:35,664 [INFO] wqsa.etl —   TANGERANG-1: 0 rows
2026-05-18 10:13:35,718 [INFO] wqsa.etl —   TANGERANG-2: 0 rows
2026-05-18 10:13:35,789 [INFO] wqsa.etl —   TANJABTIM-1: 0 rows
2026-05-18 10:13:35,837 [INFO] wqsa.etl —   TANJUNGPINANG-1: 0 rows
2026-05-18 10:13:35,889 [INFO] wqsa.etl —   TAPANULIUTARA-1: 0 rows
2026-05-18 10:13:35,944 [INFO] wqsa.etl —   TASIKMALAYA-1: 0 rows
2026-05-18 10:13:35,998 [INFO] wqsa.etl —   TEGAL-1: 0 rows
2026-05-18 10:13:36,069 [INFO] wqsa.etl —   TEGAL-2: 0 rows
2026-05-18 10:13:36,125 [INFO] wqsa.etl —   TELUKWONDAMA-1: 0 rows
2026-05-18 10:13:36,170 [INFO] wqsa.etl —   TOMOHON-1: 0 rows
2026-05-18 10:13:36,223 [INFO] wqsa.etl —   TORUT-1: 0 rows
2026-05-18 10:13:36,289 [INFO] wqsa.etl —   TUBAN-1: 0 rows
2026-05-18 10:13:36,373 [INFO] wqsa.etl —   TULUNG AGUNG-1: 0 rows
2026-05-18 10:13:36,495 [INFO] wqsa.etl —   WONOSOBO-1: 0 rows
2026-05-18 10:13:36,495 [INFO] wqsa.etl — onlimo_monitoring: 42495 total upserted
2026-05-18 10:14:18,028 [ERROR] wqsa.etl — sparing_logger sync failed: (1406, "Data too long for column 'category' at row 1")
2026-05-18 10:14:18,038 [WARNING] wqsa.etl — No loggers in DB — run sync_sparing_logger first
2026-05-18 10:16:08,263 [INFO] wqsa.etl — onlimo_status: 523 upserted
2026-05-18 10:18:39,146 [INFO] wqsa.etl — sparing_logger: 618 loggers upserted
2026-05-18 10:18:39,973 [INFO] wqsa.etl —   02356e473206df705f1010bf: 5 rows
2026-05-18 10:18:40,457 [INFO] wqsa.etl —   044069259dce51628f0a97a0: 15 rows
2026-05-18 10:18:40,992 [INFO] wqsa.etl —   04b2f9a9e64e2038aafe997f: 15 rows
2026-05-18 10:18:41,415 [INFO] wqsa.etl —   04ba9d83e6a736946d2d6ca6: 15 rows
2026-05-18 10:18:41,858 [INFO] wqsa.etl —   077a9bbeb573517122ca8849: 15 rows
2026-05-18 10:18:42,286 [INFO] wqsa.etl —   0c1baef02f81148eb979d719: 15 rows
2026-05-18 10:18:43,479 [INFO] wqsa.etl —   160239ed988778c282226f61: 15 rows
2026-05-18 10:18:44,271 [INFO] wqsa.etl —   2084b8523c00cbd9f490e624: 15 rows
2026-05-18 10:18:44,678 [INFO] wqsa.etl —   21dd8bbced852b90203649c5: 12 rows
2026-05-18 10:18:45,483 [INFO] wqsa.etl —   26a06e6dee9176d54a9b1c47: 12 rows
2026-05-18 10:18:45,891 [INFO] wqsa.etl —   297790bed565bc4054d6fed3: 15 rows
2026-05-18 10:18:46,351 [INFO] wqsa.etl —   2b3c5d8359e5fbb70df84381: 15 rows
2026-05-18 10:18:46,776 [INFO] wqsa.etl —   2b5bff959e6f14299ff0ad3d: 15 rows
2026-05-18 10:18:47,165 [INFO] wqsa.etl —   2d8a34926eb4d63e62d8b9df: 15 rows
2026-05-18 10:18:47,607 [INFO] wqsa.etl —   2dcc94bea6d1f142e48d1715: 15 rows
2026-05-18 10:18:48,049 [INFO] wqsa.etl —   309deade48390027b7ad6dac: 15 rows
2026-05-18 10:18:48,421 [INFO] wqsa.etl —   329233d80df881695e32583b: 10 rows
2026-05-18 10:18:48,773 [INFO] wqsa.etl —   32f4d74f30ae681297268516: 5 rows
2026-05-18 10:18:49,236 [INFO] wqsa.etl —   388749176c2e64ffe22a7c80: 15 rows
2026-05-18 10:18:50,766 [INFO] wqsa.etl —   42bade5d4fd3ee4aa06bb228: 15 rows
2026-05-18 10:18:51,567 [INFO] wqsa.etl —   44cbaed5bb0146c012f53e91: 15 rows
2026-05-18 10:18:52,034 [INFO] wqsa.etl —   468d537bb35c612f75c04963: 15 rows
2026-05-18 10:18:52,423 [INFO] wqsa.etl —   470557f8c9829958527919e9: 9 rows
2026-05-18 10:18:52,834 [INFO] wqsa.etl —   482c66b3397720a2974c261c: 12 rows
2026-05-18 10:18:53,273 [INFO] wqsa.etl —   4cf0fab382c27946851258ca: 15 rows
2026-05-18 10:18:53,637 [INFO] wqsa.etl —   500f2c27d8a53fd20d08d943: 5 rows
2026-05-18 10:18:54,019 [INFO] wqsa.etl —   509f9367b112a84f500059f4: 15 rows
2026-05-18 10:18:54,435 [INFO] wqsa.etl —   5300bd93d2cd575c8234e874: 15 rows
2026-05-18 10:18:54,856 [INFO] wqsa.etl —   53fca2866e68b74eca6f5ef4: 15 rows
2026-05-18 10:18:55,734 [INFO] wqsa.etl —   572d5d91c84e3e47c69c0261: 15 rows
2026-05-18 10:18:56,102 [INFO] wqsa.etl —   582177d1a4ea6f78900ae60b: 15 rows
2026-05-18 10:18:56,541 [INFO] wqsa.etl —   58836d44dec6d9ce9fdf02d1: 15 rows
2026-05-18 10:18:56,946 [INFO] wqsa.etl —   5f4e1ca9167c90338b8fe176: 12 rows
2026-05-18 10:18:57,361 [INFO] wqsa.etl —   5f572c1d36b37d2585a64c54: 15 rows
2026-05-18 10:18:57,711 [INFO] wqsa.etl —   5f59995c834eec2265d8041f: 12 rows
2026-05-18 10:18:58,095 [INFO] wqsa.etl —   5f619c497c5fc71255fa376b: 15 rows
2026-05-18 10:18:58,446 [INFO] wqsa.etl —   5f6322617c5fc71255fca135: 9 rows
2026-05-18 10:18:59,121 [INFO] wqsa.etl —   5f6c11a97c5fc71255150758: 5 rows
2026-05-18 10:18:59,511 [INFO] wqsa.etl —   5f7140e58ca755794f7a9087: 12 rows
2026-05-18 10:19:00,227 [INFO] wqsa.etl —   5fa4be1c111e6c2310b18230: 15 rows
2026-05-18 10:19:00,594 [INFO] wqsa.etl —   5fa4c828111e6c2310b184d3: 15 rows
2026-05-18 10:19:01,572 [INFO] wqsa.etl —   5fc87ce2111e6c2310b95720: 15 rows
2026-05-18 10:19:01,962 [INFO] wqsa.etl —   608124ec338ec715342824d6: 15 rows
2026-05-18 10:19:02,381 [INFO] wqsa.etl —   60813876338ec71534282c2e: 15 rows
2026-05-18 10:19:03,144 [INFO] wqsa.etl —   60af0fe15173d010f431029e: 15 rows
2026-05-18 10:19:03,596 [INFO] wqsa.etl —   60af106e5173d010f43102e4: 15 rows
2026-05-18 10:19:04,071 [INFO] wqsa.etl —   60af13315173d010f43103f9: 15 rows
2026-05-18 10:19:04,492 [INFO] wqsa.etl —   60b099d8bf2058712e1016c8: 15 rows
2026-05-18 10:19:05,264 [INFO] wqsa.etl —   60d9851b3b964f07dc349b4f: 15 rows
2026-05-18 10:19:05,661 [INFO] wqsa.etl —   60e7ae81ec78fc2d94d878e7: 15 rows
2026-05-18 10:19:06,026 [INFO] wqsa.etl —   60f1349c5bd37e089effd011: 15 rows
2026-05-18 10:19:06,457 [INFO] wqsa.etl —   60f134b75bd37e089effd01f: 15 rows
2026-05-18 10:19:06,901 [INFO] wqsa.etl —   60f135185bd37e089effd04d: 15 rows
2026-05-18 10:19:07,272 [INFO] wqsa.etl —   61078aa5e129591985ab14ca: 4 rows
2026-05-18 10:19:07,726 [INFO] wqsa.etl —   611c8790e129591985d73f8c: 15 rows
2026-05-18 10:19:08,094 [INFO] wqsa.etl —   611f7344e129591985dcacbc: 15 rows
2026-05-18 10:19:08,487 [INFO] wqsa.etl —   61246f9ee129591985e819b7: 15 rows
2026-05-18 10:19:08,853 [INFO] wqsa.etl —   6139aa3b6fe7f70fa279ddfd: 12 rows
2026-05-18 10:19:09,264 [INFO] wqsa.etl —   613a97076fe7f70fa27bd74e: 12 rows
2026-05-18 10:19:09,664 [INFO] wqsa.etl —   613f4a9a6fe7f70fa286bced: 15 rows
2026-05-18 10:19:10,127 [INFO] wqsa.etl —   614ae061eeda6749facaab66: 15 rows
2026-05-18 10:19:10,579 [INFO] wqsa.etl —   614c3662eeda6749facb5fe0: 15 rows
2026-05-18 10:19:10,948 [INFO] wqsa.etl —   614df50eeeda6749facc4dab: 12 rows
2026-05-18 10:19:11,349 [INFO] wqsa.etl —   615aaf6eeeda6749fad3ae63: 12 rows
2026-05-18 10:19:11,756 [INFO] wqsa.etl —   616525c1eeda6749fad9f019: 15 rows
2026-05-18 10:19:12,145 [INFO] wqsa.etl —   6170d287eeda6749fae1caee: 15 rows
2026-05-18 10:19:12,529 [INFO] wqsa.etl —   6170d663eeda6749fae1cd26: 15 rows
2026-05-18 10:19:12,936 [INFO] wqsa.etl —   61777d9ceeda6749fae61590: 15 rows
2026-05-18 10:19:13,548 [INFO] wqsa.etl —   6183798fa3f2f747b1c8d708: 9 rows
2026-05-18 10:19:14,117 [INFO] wqsa.etl —   618c8ba6294c8004f8dc20f8: 12 rows
2026-05-18 10:19:14,448 [INFO] wqsa.etl —   618de741294c8004f8dd2398: 12 rows
2026-05-18 10:19:14,878 [INFO] wqsa.etl —   6193506e294c8004f8e23f72: 15 rows
2026-05-18 10:19:15,249 [INFO] wqsa.etl —   61b059144ae93e096ad15b43: 15 rows
2026-05-18 10:19:15,864 [INFO] wqsa.etl —   61bc2f888a21dc2f138ec824: 12 rows
2026-05-18 10:19:16,216 [INFO] wqsa.etl —   61cea160e66e6f1a7b3989eb: 15 rows
2026-05-18 10:19:17,239 [INFO] wqsa.etl —   61ea68f2060763627959fc03: 9 rows
2026-05-18 10:19:17,610 [INFO] wqsa.etl —   61ee3beb06076362795da4d5: 15 rows
2026-05-18 10:19:17,952 [INFO] wqsa.etl —   61fa093306076362796a3493: 15 rows
2026-05-18 10:19:18,364 [INFO] wqsa.etl —   61fb8ace06076362796bac6a: 15 rows
2026-05-18 10:19:19,144 [INFO] wqsa.etl —   61fcce6006076362796ce8f0: 15 rows
2026-05-18 10:19:19,830 [INFO] wqsa.etl —   62142076ee1d7f0743516f1d: 15 rows
2026-05-18 10:19:20,195 [INFO] wqsa.etl —   621edc71ee1d7f07435d63c6: 15 rows
2026-05-18 10:19:20,632 [INFO] wqsa.etl —   621ee50cee1d7f07435d6c0b: 15 rows
2026-05-18 10:19:21,048 [INFO] wqsa.etl —   621f30b7ee1d7f07435db633: 15 rows
2026-05-18 10:19:21,459 [INFO] wqsa.etl —   62317535ee1d7f07436fee86: 15 rows
2026-05-18 10:19:21,903 [INFO] wqsa.etl —   62317bd1ee1d7f07436ff4b1: 15 rows
2026-05-18 10:19:22,315 [INFO] wqsa.etl —   62344d2bee1d7f074372be12: 15 rows
2026-05-18 10:19:22,655 [INFO] wqsa.etl —   62394c31ee1d7f074377c36b: 9 rows
2026-05-18 10:19:23,600 [INFO] wqsa.etl —   623ac772ee1d7f074379816a: 15 rows
2026-05-18 10:19:24,297 [INFO] wqsa.etl —   623ae506ee1d7f0743799f24: 15 rows
2026-05-18 10:19:24,717 [INFO] wqsa.etl —   623c3491ee1d7f07437b8bb6: 15 rows
2026-05-18 10:19:26,035 [INFO] wqsa.etl —   62440e27462c3e3beaed667e: 15 rows
2026-05-18 10:19:26,365 [INFO] wqsa.etl —   62446fd4462c3e3beaedda2c: 10 rows
2026-05-18 10:19:26,737 [INFO] wqsa.etl —   624a7dd9462c3e3beaf5fc6d: 15 rows
2026-05-18 10:19:27,074 [INFO] wqsa.etl —   624a9829462c3e3beaf61927: 9 rows
2026-05-18 10:19:27,494 [INFO] wqsa.etl —   624befe5462c3e3beaf824c2: 15 rows
2026-05-18 10:19:28,464 [INFO] wqsa.etl —   625512ab462c3e3bea07aad8: 15 rows
2026-05-18 10:19:28,863 [INFO] wqsa.etl —   625d13d5b4ce584316c795ce: 15 rows
2026-05-18 10:19:29,283 [INFO] wqsa.etl —   625d150eb4ce584316c79776: 15 rows
2026-05-18 10:19:29,999 [INFO] wqsa.etl —   627ccf5ee7985f5b1151be81: 15 rows
2026-05-18 10:19:30,380 [INFO] wqsa.etl —   627e17a6e7985f5b1153aa6d: 12 rows
2026-05-18 10:19:30,736 [INFO] wqsa.etl —   6287553ce7985f5b1164329a: 15 rows
2026-05-18 10:19:31,130 [INFO] wqsa.etl —   628b080de7985f5b116c68c2: 9 rows
2026-05-18 10:19:31,537 [INFO] wqsa.etl —   628dea15e7985f5b117174d1: 15 rows
2026-05-18 10:19:31,899 [INFO] wqsa.etl —   62904db6e7985f5b1175d002: 15 rows
2026-05-18 10:19:32,267 [INFO] wqsa.etl —   6295b7c1e7985f5b117e91d3: 15 rows
2026-05-18 10:19:32,666 [INFO] wqsa.etl —   62986646e7985f5b1182dd28: 15 rows
2026-05-18 10:19:33,032 [INFO] wqsa.etl —   629879e3e7985f5b1182f56a: 15 rows
2026-05-18 10:19:33,444 [INFO] wqsa.etl —   62987dbbe7985f5b1182fa64: 15 rows
2026-05-18 10:19:33,812 [INFO] wqsa.etl —   6299d48ce7985f5b118524b8: 15 rows
2026-05-18 10:19:34,202 [INFO] wqsa.etl —   629ed2000432880d6a229e74: 15 rows
2026-05-18 10:19:34,569 [INFO] wqsa.etl —   62a1b3540432880d6a273bc1: 15 rows
2026-05-18 10:19:34,942 [INFO] wqsa.etl —   62a1b63d0432880d6a2740c3: 15 rows
2026-05-18 10:19:35,301 [INFO] wqsa.etl —   62a6f17b0432880d6a2f4c68: 9 rows
2026-05-18 10:19:36,268 [INFO] wqsa.etl —   62a841e80432880d6a311cc2: 15 rows
2026-05-18 10:19:36,680 [INFO] wqsa.etl —   62aad9100432880d6a34dbce: 15 rows
2026-05-18 10:19:37,069 [INFO] wqsa.etl —   62aaed000432880d6a34f4ff: 15 rows
2026-05-18 10:19:37,467 [INFO] wqsa.etl —   62aaf1890432880d6a34faa0: 15 rows
2026-05-18 10:19:37,872 [INFO] wqsa.etl —   62b16cb80432880d6a3e5445: 12 rows
2026-05-18 10:19:38,230 [INFO] wqsa.etl —   62b1870b0432880d6a3e7853: 15 rows
2026-05-18 10:19:38,590 [INFO] wqsa.etl —   62b189220432880d6a3e7b68: 15 rows
2026-05-18 10:19:38,933 [INFO] wqsa.etl —   62c3b4904aecf63648d90014: 15 rows
2026-05-18 10:19:39,369 [INFO] wqsa.etl —   62cd3b970f1a8501ae9eb69d: 15 rows
2026-05-18 10:19:39,787 [INFO] wqsa.etl —   62ce36620f1a8501aeb8bfd4: 15 rows
2026-05-18 10:19:40,175 [INFO] wqsa.etl —   62d7483cf0595c550d2204cd: 15 rows
2026-05-18 10:19:40,479 [INFO] wqsa.etl —   62d7b20ef0595c550d292b52: 12 rows
2026-05-18 10:19:40,872 [INFO] wqsa.etl —   62d7c017f0595c550d2a25c8: 15 rows
2026-05-18 10:19:41,249 [INFO] wqsa.etl —   62da4a95f0595c550d48930c: 9 rows
2026-05-18 10:19:41,699 [INFO] wqsa.etl —   62dfe13ea9be4d01ab41dd8c: 15 rows
2026-05-18 10:19:42,120 [INFO] wqsa.etl —   62e25548a9be4d01ab610a65: 15 rows
2026-05-18 10:19:43,689 [INFO] wqsa.etl —   62ff463a92e6b552a12814ac: 15 rows
2026-05-18 10:19:44,316 [INFO] wqsa.etl —   63072a3c17a23147991ea39a: 3 rows
2026-05-18 10:19:44,700 [INFO] wqsa.etl —   6307a92b17a231479923cb8e: 9 rows
2026-05-18 10:19:45,453 [INFO] wqsa.etl —   63106b63bb11776a0590e110: 15 rows
2026-05-18 10:19:46,189 [INFO] wqsa.etl —   63107dfcbb11776a0591cc27: 15 rows
2026-05-18 10:19:46,545 [INFO] wqsa.etl —   63108c41bb11776a0592571e: 15 rows
2026-05-18 10:19:46,925 [INFO] wqsa.etl —   6315b3d9bb11776a05c90aa2: 12 rows
2026-05-18 10:19:47,318 [INFO] wqsa.etl —   6316f129bb11776a05dd029a: 15 rows
2026-05-18 10:19:47,709 [INFO] wqsa.etl —   6316f15fbb11776a05dd06c5: 13 rows
2026-05-18 10:19:48,126 [INFO] wqsa.etl —   6316f174bb11776a05dd0b0f: 15 rows
2026-05-18 10:19:48,781 [INFO] wqsa.etl —   6316f1f0bb11776a05dd146f: 15 rows
2026-05-18 10:19:49,112 [INFO] wqsa.etl —   63180a7662d22b3284e4779a: 5 rows
2026-05-18 10:19:49,513 [INFO] wqsa.etl —   63185ba262d22b3284e87f82: 15 rows
2026-05-18 10:19:49,887 [INFO] wqsa.etl —   6319868a62d22b3284f5e525: 15 rows
2026-05-18 10:19:50,525 [INFO] wqsa.etl —   6319a40662d22b3284f7a068: 15 rows
2026-05-18 10:19:50,912 [INFO] wqsa.etl —   6319ac8162d22b3284f8659e: 15 rows
2026-05-18 10:19:51,367 [INFO] wqsa.etl —   631abd1562d22b3284047a73: 15 rows
2026-05-18 10:19:51,809 [INFO] wqsa.etl —   631abd5362d22b3284048293: 15 rows
2026-05-18 10:19:52,668 [INFO] wqsa.etl —   631abdd862d22b3284048f12: 15 rows
2026-05-18 10:19:53,037 [INFO] wqsa.etl —   631abe9e62d22b3284049eee: 15 rows
2026-05-18 10:19:53,405 [INFO] wqsa.etl —   631acb5362d22b3284054eb4: 15 rows
2026-05-18 10:19:54,124 [INFO] wqsa.etl —   631ad44762d22b328405d085: 15 rows
2026-05-18 10:19:54,537 [INFO] wqsa.etl —   631ad46962d22b328405d385: 15 rows
2026-05-18 10:19:54,922 [INFO] wqsa.etl —   631af63362d22b328407d379: 15 rows
2026-05-18 10:19:55,322 [INFO] wqsa.etl —   631afa3962d22b32840822ab: 15 rows
2026-05-18 10:19:56,007 [INFO] wqsa.etl —   631ebe5d62d22b328430dda4: 9 rows
2026-05-18 10:19:56,419 [INFO] wqsa.etl —   631ecdec62d22b328431969b: 15 rows
2026-05-18 10:19:57,078 [INFO] wqsa.etl —   632175b1110bec4f6481be15: 15 rows
2026-05-18 10:19:57,524 [INFO] wqsa.etl —   63218bc6110bec4f64833371: 15 rows
2026-05-18 10:19:57,990 [INFO] wqsa.etl —   6322de01110bec4f6499546d: 15 rows
2026-05-18 10:19:59,041 [INFO] wqsa.etl —   632a9036110bec4f642f67b4: 15 rows
2026-05-18 10:19:59,453 [INFO] wqsa.etl —   632a9263110bec4f642fa6b0: 15 rows
2026-05-18 10:19:59,897 [INFO] wqsa.etl —   632a96cd110bec4f64303061: 15 rows
2026-05-18 10:20:01,159 [INFO] wqsa.etl —   632acf54110bec4f64352b04: 15 rows
2026-05-18 10:20:01,547 [INFO] wqsa.etl —   632acfdb110bec4f643540a5: 15 rows
2026-05-18 10:20:01,893 [INFO] wqsa.etl —   632af3b2110bec4f64381d21: 15 rows
2026-05-18 10:20:02,576 [INFO] wqsa.etl —   632afb89110bec4f6438cd3d: 15 rows
2026-05-18 10:20:03,008 [INFO] wqsa.etl —   632afc65110bec4f6438e077: 15 rows
2026-05-18 10:20:03,430 [INFO] wqsa.etl —   632d3df4110bec4f646adc06: 15 rows
2026-05-18 10:20:03,761 [INFO] wqsa.etl —   632d45e0110bec4f646ba014: 12 rows
2026-05-18 10:20:04,119 [INFO] wqsa.etl —   63301a32110bec4f64abf9e7: 12 rows
2026-05-18 10:20:04,544 [INFO] wqsa.etl —   63303253110bec4f64ae1f89: 15 rows
2026-05-18 10:20:04,939 [INFO] wqsa.etl —   6330337e110bec4f64ae3ea4: 12 rows
2026-05-18 10:20:05,783 [INFO] wqsa.etl —   6330383e110bec4f64aeb35b: 15 rows
2026-05-18 10:20:06,554 [INFO] wqsa.etl —   63303a78110bec4f64aeef2f: 15 rows
2026-05-18 10:20:07,630 [INFO] wqsa.etl —   6334399a110bec4f641c37f9: 15 rows
2026-05-18 10:20:08,101 [INFO] wqsa.etl —   63343a15110bec4f641c471f: 15 rows
2026-05-18 10:20:09,276 [INFO] wqsa.etl —   633451df110bec4f641ddf7f: 15 rows
2026-05-18 10:20:09,728 [INFO] wqsa.etl —   633cf1c3d8814a1e69f40bed: 15 rows
2026-05-18 10:20:10,191 [INFO] wqsa.etl —   633d2fb0d8814a1e69f985d7: 15 rows
2026-05-18 10:20:11,042 [INFO] wqsa.etl —   633d3e9fd8814a1e69fa955b: 15 rows
2026-05-18 10:20:11,509 [INFO] wqsa.etl —   6343a541d8814a1e695aa592: 15 rows
2026-05-18 10:20:12,291 [INFO] wqsa.etl —   6343d659d8814a1e695e2e57: 15 rows
2026-05-18 10:20:12,733 [INFO] wqsa.etl —   634e1862d8814a1e69ff278f: 15 rows
2026-05-18 10:20:13,813 [INFO] wqsa.etl —   63609dfcd8814a1e6989b700: 15 rows
2026-05-18 10:20:14,254 [INFO] wqsa.etl —   636b18ecd8814a1e693cf56f: 12 rows
2026-05-18 10:20:14,696 [INFO] wqsa.etl —   6371f526d8814a1e69ae093e: 15 rows
2026-05-18 10:20:15,124 [INFO] wqsa.etl —   6371ff6ad8814a1e69af3aa6: 15 rows
2026-05-18 10:20:15,509 [INFO] wqsa.etl —   63856595cb7de71baff57963: 5 rows
2026-05-18 10:20:15,929 [INFO] wqsa.etl —   6385af7acb7de71baffd2398: 15 rows
2026-05-18 10:20:16,347 [INFO] wqsa.etl —   6385c962cb7de71baf0043d5: 15 rows
2026-05-18 10:20:16,808 [INFO] wqsa.etl —   6386ce9bcb7de71baf130e8d: 15 rows
2026-05-18 10:20:17,322 [INFO] wqsa.etl —   638710dacb7de71baf1bea85: 15 rows
2026-05-18 10:20:18,688 [INFO] wqsa.etl —   63c950985c7da2b9915217e9: 15 rows
2026-05-18 10:20:19,182 [INFO] wqsa.etl —   63d3df0711c2e3bc59720111: 15 rows
2026-05-18 10:20:20,376 [INFO] wqsa.etl —   63d403b3a2366e1acce72f59: 12 rows
2026-05-18 10:20:20,824 [INFO] wqsa.etl —   63d40528a2366e1acce74a04: 15 rows
2026-05-18 10:20:21,712 [INFO] wqsa.etl —   63d4065da2366e1acce77d86: 15 rows
2026-05-18 10:20:22,192 [INFO] wqsa.etl —   63d9db7ce7443226f782ab54: 10 rows
2026-05-18 10:20:22,662 [INFO] wqsa.etl —   63db2fb0f280733a28d9aee7: 15 rows
2026-05-18 10:20:23,111 [INFO] wqsa.etl —   63eb46f67f886641a9b4106e: 15 rows
2026-05-18 10:20:23,880 [INFO] wqsa.etl —   63f71e99e7defd222b0b80ca: 15 rows
2026-05-18 10:20:24,497 [INFO] wqsa.etl —   63f72091e7defd222b0bb11b: 15 rows
2026-05-18 10:20:25,432 [INFO] wqsa.etl —   63fc6a2de7defd222b63f458: 15 rows
2026-05-18 10:20:25,951 [INFO] wqsa.etl —   63fc6ee2e7defd222b644f77: 15 rows
2026-05-18 10:20:26,855 [INFO] wqsa.etl —   63fdad2de7defd222b799300: 15 rows
2026-05-18 10:20:27,330 [INFO] wqsa.etl —   63fdaf5fe7defd222b79b9ff: 15 rows
2026-05-18 10:20:27,718 [INFO] wqsa.etl —   63fdb31ce7defd222b79fdc5: 15 rows
2026-05-18 10:20:28,601 [INFO] wqsa.etl —   64117297273bb80934630f71: 15 rows
2026-05-18 10:20:29,012 [INFO] wqsa.etl —   64117801273bb80934637f39: 12 rows
2026-05-18 10:20:29,482 [INFO] wqsa.etl —   6417e29a273bb80934d16b65: 15 rows
2026-05-18 10:20:29,945 [INFO] wqsa.etl —   641d0618273bb8093426c3f1: 9 rows
2026-05-18 10:20:30,407 [INFO] wqsa.etl —   641d135f273bb8093427c46c: 15 rows
2026-05-18 10:20:31,229 [INFO] wqsa.etl —   64225e60273bb80934835653: 15 rows
2026-05-18 10:20:31,752 [INFO] wqsa.etl —   6426881c273bb80934caca52: 15 rows
2026-05-18 10:20:32,218 [INFO] wqsa.etl —   6426934a273bb80934cba3dd: 15 rows
2026-05-18 10:20:33,127 [INFO] wqsa.etl —   6433bf18273bb80934c8215a: 15 rows
2026-05-18 10:20:33,567 [INFO] wqsa.etl —   6433c026273bb80934c838b9: 15 rows
2026-05-18 10:20:34,050 [INFO] wqsa.etl —   6434fc53273bb80934dcf9ff: 15 rows
2026-05-18 10:20:34,870 [INFO] wqsa.etl —   64521e6d273bb809344219e8: 15 rows
2026-05-18 10:20:35,661 [INFO] wqsa.etl —   647ebd1d4eb74a749b41b0b9: 15 rows
2026-05-18 10:20:36,143 [INFO] wqsa.etl —   647ebf394eb74a749b41e8f5: 15 rows
2026-05-18 10:20:36,628 [INFO] wqsa.etl —   647ff9154b37910a7a019fa3: 15 rows
2026-05-18 10:20:37,142 [INFO] wqsa.etl —   64803a434b37910a7a067cc9: 15 rows
2026-05-18 10:20:37,630 [INFO] wqsa.etl —   64803edc4b37910a7a06e9c5: 15 rows
2026-05-18 10:20:38,149 [INFO] wqsa.etl —   6493f10523889215c5b3961b: 15 rows
2026-05-18 10:20:38,628 [INFO] wqsa.etl —   6498ebee23889215c54d2cbd: 15 rows
2026-05-18 10:20:39,404 [INFO] wqsa.etl —   64acb98c96ed275ec8dffb31: 9 rows
2026-05-18 10:20:39,868 [INFO] wqsa.etl —   64ad0f6796ed275ec8ead960: 15 rows
2026-05-18 10:20:40,278 [INFO] wqsa.etl —   64afb2a296ed275ec83fa383: 15 rows
2026-05-18 10:20:41,824 [INFO] wqsa.etl —   64b8e28352ce7941f5b6bfc8: 15 rows
2026-05-18 10:20:42,263 [INFO] wqsa.etl —   64b8e68952ce7941f5b74dc3: 15 rows
2026-05-18 10:20:42,706 [INFO] wqsa.etl —   64b8eb8452ce7941f5b7e564: 15 rows
2026-05-18 10:20:43,146 [INFO] wqsa.etl —   64b8f48052ce7941f5b902fd: 15 rows
2026-05-18 10:20:43,648 [INFO] wqsa.etl —   64b9f3b152ce7941f5ce7b19: 4 rows
2026-05-18 10:20:44,073 [INFO] wqsa.etl —   64bd7c49b007a49027e799c4: 15 rows
2026-05-18 10:20:44,559 [INFO] wqsa.etl —   64c1ceb0dc30d97862f6e6a3: 15 rows
2026-05-18 10:20:44,977 [INFO] wqsa.etl —   64c1d7dadc30d97862faa121: 15 rows
2026-05-18 10:20:45,428 [INFO] wqsa.etl —   64c1e9aedc30d97862fd172e: 15 rows
2026-05-18 10:20:45,872 [INFO] wqsa.etl —   64c1eaf4dc30d97862fd582c: 15 rows
2026-05-18 10:20:46,445 [INFO] wqsa.etl —   64c38eb4fe8cf3255ee606da: 15 rows
2026-05-18 10:20:46,952 [INFO] wqsa.etl —   64d1ff1e4d6768752ad317b3: 15 rows
2026-05-18 10:20:47,413 [INFO] wqsa.etl —   64d97e2b928fe441e451e470: 15 rows
2026-05-18 10:20:47,859 [INFO] wqsa.etl —   64db27444b63956106047f6e: 10 rows
2026-05-18 10:20:48,756 [INFO] wqsa.etl —   64e5b58f4fa53b4ecde29c0c: 15 rows
2026-05-18 10:20:49,217 [INFO] wqsa.etl —   64e6bcac98c494408b8bf7d8: 5 rows
2026-05-18 10:20:49,681 [INFO] wqsa.etl —   64e6c4f198c494408b8cf058: 15 rows
2026-05-18 10:20:50,377 [INFO] wqsa.etl —   64e6e31e15f0a80910fd5599: 15 rows
2026-05-18 10:20:51,048 [INFO] wqsa.etl —   64e6f8499db0a54e6a9d83f6: 15 rows
2026-05-18 10:20:51,443 [INFO] wqsa.etl —   64e6fac29db0a54e6a9dc1dd: 15 rows
2026-05-18 10:20:52,433 [INFO] wqsa.etl —   64e961c6f2b0ab6dd45f1dbb: 15 rows
2026-05-18 10:20:52,882 [INFO] wqsa.etl —   64e96491f2b0ab6dd45f676f: 15 rows
2026-05-18 10:20:53,302 [INFO] wqsa.etl —   64ebff32100e79277409df95: 15 rows
2026-05-18 10:20:53,710 [INFO] wqsa.etl —   64ec01d2100e7927740a3188: 15 rows
2026-05-18 10:20:54,127 [INFO] wqsa.etl —   64ec0a14100e7927740ae593: 5 rows
2026-05-18 10:20:54,583 [INFO] wqsa.etl —   64f5919a206a7a5fb4beab54: 15 rows
2026-05-18 10:20:54,981 [INFO] wqsa.etl —   64f7d8a8a0cc125666a69238: 15 rows
2026-05-18 10:20:55,332 [INFO] wqsa.etl —   64f924346afc67581aeb1c86: 15 rows
2026-05-18 10:20:55,751 [INFO] wqsa.etl —   64f92d3a6afc67581aec76b6: 15 rows
2026-05-18 10:20:56,435 [INFO] wqsa.etl —   64fa857af292c12ffa8f5163: 15 rows
2026-05-18 10:20:57,097 [INFO] wqsa.etl —   65006da03d74fd16eb4f395d: 15 rows
2026-05-18 10:20:57,484 [INFO] wqsa.etl —   6500e0673d74fd16eb603cf6: 15 rows
2026-05-18 10:20:57,906 [INFO] wqsa.etl —   6501f0f36f58ba3df95944ee: 15 rows
2026-05-18 10:20:58,311 [INFO] wqsa.etl —   6502ab2d19d10964c1cc84e1: 15 rows
2026-05-18 10:20:58,698 [INFO] wqsa.etl —   6502acaa19d10964c1cce038: 15 rows
2026-05-18 10:20:59,082 [INFO] wqsa.etl —   6502ada119d10964c1cd1729: 15 rows
2026-05-18 10:20:59,712 [INFO] wqsa.etl —   6502c0c019d10964c1d13e34: 15 rows
2026-05-18 10:21:00,434 [INFO] wqsa.etl —   6508114a42a0ec62fdc27f40: 15 rows
2026-05-18 10:21:00,815 [INFO] wqsa.etl —   6509589410072750ff43dcb9: 15 rows
2026-05-18 10:21:01,180 [INFO] wqsa.etl —   650b7148eeb7992548371c68: 12 rows
2026-05-18 10:21:01,553 [INFO] wqsa.etl —   650bfa3756f894628202e945: 9 rows
2026-05-18 10:21:01,979 [INFO] wqsa.etl —   650c0e6656f894628205f355: 15 rows
2026-05-18 10:21:02,381 [INFO] wqsa.etl —   650d6316f70cba5cde76330d: 15 rows
2026-05-18 10:21:02,854 [INFO] wqsa.etl —   650d6575f70cba5cde76830a: 15 rows
2026-05-18 10:21:03,221 [INFO] wqsa.etl —   650d6788f70cba5cde76d3a1: 9 rows
2026-05-18 10:21:03,612 [INFO] wqsa.etl —   65124841a6ae2642437d5fc8: 15 rows
2026-05-18 10:21:04,018 [INFO] wqsa.etl —   65124a4ea6ae2642437db83c: 15 rows
2026-05-18 10:21:04,684 [INFO] wqsa.etl —   6513ac776c3c9a751554fbf5: 15 rows
2026-05-18 10:21:05,183 [INFO] wqsa.etl —   6513b28ac1629d204ef7f9ab: 15 rows
2026-05-18 10:21:05,651 [INFO] wqsa.etl —   651658d9f06ce5679534fb5c: 15 rows
2026-05-18 10:21:06,092 [INFO] wqsa.etl —   65167403f06ce5679538d75a: 15 rows
2026-05-18 10:21:06,536 [INFO] wqsa.etl —   6516857145fd0a500b92d968: 15 rows
2026-05-18 10:21:06,924 [INFO] wqsa.etl —   651781f29a22fe71d499cfe2: 15 rows
2026-05-18 10:21:07,252 [INFO] wqsa.etl —   651b6a29d4d4ad2cfe04b62e: 10 rows
2026-05-18 10:21:07,731 [INFO] wqsa.etl —   651b6fdad4d4ad2cfe059cee: 15 rows
2026-05-18 10:21:08,400 [INFO] wqsa.etl —   651ceeccd345306af1e99069: 15 rows
2026-05-18 10:21:08,817 [INFO] wqsa.etl —   651e36cb004eda3602ee596a: 15 rows
2026-05-18 10:21:09,187 [INFO] wqsa.etl —   651e3d48004eda3602ef8126: 8 rows
2026-05-18 10:21:09,883 [INFO] wqsa.etl —   651f660044df5650ea47c22c: 10 rows
2026-05-18 10:21:10,569 [INFO] wqsa.etl —   651f766fa83b3836fc730399: 15 rows
2026-05-18 10:21:11,274 [INFO] wqsa.etl —   6524a8ee5b34185b625efce1: 15 rows
2026-05-18 10:21:11,712 [INFO] wqsa.etl —   6524a9515b34185b625f14e6: 15 rows
2026-05-18 10:21:12,091 [INFO] wqsa.etl —   6524a9fc5b34185b625f37af: 15 rows
2026-05-18 10:21:12,509 [INFO] wqsa.etl —   6524aac55b34185b625f58b5: 15 rows
2026-05-18 10:21:13,801 [INFO] wqsa.etl —   6535ddedbe295d36a9a208e9: 15 rows
2026-05-18 10:21:14,509 [INFO] wqsa.etl —   653b24e4e82a8859d3c50a7a: 5 rows
2026-05-18 10:21:14,890 [INFO] wqsa.etl —   6541df011086603826a28759: 15 rows
2026-05-18 10:21:15,316 [INFO] wqsa.etl —   65483c9fd3a6c977c8ab7b14: 15 rows
2026-05-18 10:21:15,669 [INFO] wqsa.etl —   65483eefd3a6c977c8abe10e: 9 rows
2026-05-18 10:21:16,091 [INFO] wqsa.etl —   65483fb2d3a6c977c8ac0209: 15 rows
2026-05-18 10:21:17,419 [INFO] wqsa.etl —   654853172f7bf816f9471fe4: 15 rows
2026-05-18 10:21:18,183 [INFO] wqsa.etl —   654872a393021a5f46c133ef: 15 rows
2026-05-18 10:21:19,154 [INFO] wqsa.etl —   65489c6e4649964b989523dc: 15 rows
2026-05-18 10:21:19,813 [INFO] wqsa.etl —   65518b1cbee0e70e824a7611: 10 rows
2026-05-18 10:21:20,515 [INFO] wqsa.etl —   65556f905321701a90274c84: 15 rows
2026-05-18 10:21:20,905 [INFO] wqsa.etl —   65558e5268bdc570744e257c: 15 rows
2026-05-18 10:21:21,326 [INFO] wqsa.etl —   6555cfd43e45ef233e14b2d7: 15 rows
2026-05-18 10:21:22,270 [INFO] wqsa.etl —   655ab4b132961c3b5d12dff2: 15 rows
2026-05-18 10:21:22,671 [INFO] wqsa.etl —   655b0dfbe43357724105b952: 15 rows
2026-05-18 10:21:23,102 [INFO] wqsa.etl —   655c0226e43357724149c45f: 15 rows
2026-05-18 10:21:23,517 [INFO] wqsa.etl —   655ec249487cc74327f554eb: 15 rows
2026-05-18 10:21:23,888 [INFO] wqsa.etl —   6561dc1d9bdd241599c9b241: 15 rows
2026-05-18 10:21:24,889 [INFO] wqsa.etl —   6567ac1acae882365cc5a364: 15 rows
2026-05-18 10:21:25,311 [INFO] wqsa.etl —   6575ed06f45107f6049c23bf: 15 rows
2026-05-18 10:21:26,288 [INFO] wqsa.etl —   657bc02df2f4b87010432a8b: 15 rows
2026-05-18 10:21:26,724 [INFO] wqsa.etl —   65935e69efa34e109f50d47b: 15 rows
2026-05-18 10:21:27,148 [INFO] wqsa.etl —   6593b2f83b566b679a5cd849: 15 rows
2026-05-18 10:21:27,853 [INFO] wqsa.etl —   659b58e904770954e92b1220: 15 rows
2026-05-18 10:21:28,222 [INFO] wqsa.etl —   659f454380cf061b2e2a0491: 15 rows
2026-05-18 10:21:28,596 [INFO] wqsa.etl —   65a2c978589f7fc7191d92d9: 15 rows
2026-05-18 10:21:28,920 [INFO] wqsa.etl —   65ae210a8cea470eeb2fa502: 5 rows
2026-05-18 10:21:29,618 [INFO] wqsa.etl —   65b211c03bf631339f078199: 15 rows
2026-05-18 10:21:30,006 [INFO] wqsa.etl —   65b30112af143e072f5c6746: 15 rows
2026-05-18 10:21:30,422 [INFO] wqsa.etl —   65b75740c9b43c1037d61566: 15 rows
2026-05-18 10:21:30,854 [INFO] wqsa.etl —   65c05cac405f557259fed7cc: 15 rows
2026-05-18 10:21:31,260 [INFO] wqsa.etl —   65c07f34f905db435ae85a5c: 15 rows
2026-05-18 10:21:31,706 [INFO] wqsa.etl —   65c18c47d769a02c4a86b92d: 15 rows
2026-05-18 10:21:32,164 [INFO] wqsa.etl —   65c32c3e1c68a104cc64e72d: 15 rows
2026-05-18 10:21:32,605 [INFO] wqsa.etl —   65c96c6b4d6d280d00afebf2: 15 rows
2026-05-18 10:21:33,036 [INFO] wqsa.etl —   65d08554bb634544ea2a8dd8: 15 rows
2026-05-18 10:21:33,424 [INFO] wqsa.etl —   65d29ed6b67fd02e65e474db: 15 rows
2026-05-18 10:21:33,855 [INFO] wqsa.etl —   65dbe047e34d521ef502a30a: 15 rows
2026-05-18 10:21:34,306 [INFO] wqsa.etl —   65dbe1e2e34d521ef502de46: 15 rows
2026-05-18 10:21:34,756 [INFO] wqsa.etl —   65dbe29de34d521ef5030024: 15 rows
2026-05-18 10:21:35,191 [INFO] wqsa.etl —   65dbeb8be7755c36c096289c: 15 rows
2026-05-18 10:21:36,695 [INFO] wqsa.etl —   65f1506f1a0ad06aeb6a7ab7: 15 rows
2026-05-18 10:21:37,122 [INFO] wqsa.etl —   660e0dee170eb01c0265acdb: 15 rows
2026-05-18 10:21:37,804 [INFO] wqsa.etl —   660e26383f3d05441b5332e9: 10 rows
2026-05-18 10:21:38,522 [INFO] wqsa.etl —   6629ba02da958c54c426b52c: 15 rows
2026-05-18 10:21:39,195 [ERROR] wqsa.etl — sparing_monitoring sync failed: (1264, "Out of range value for column 'total' at row 1")
2026-05-18 10:25:51,055 [INFO] wqsa.etl — sparing_logger: 618 loggers upserted
2026-05-18 10:25:51,662 [INFO] wqsa.etl —   02356e473206df705f1010bf: 5 rows
2026-05-18 10:25:52,066 [INFO] wqsa.etl —   044069259dce51628f0a97a0: 15 rows
2026-05-18 10:25:52,401 [INFO] wqsa.etl —   04b2f9a9e64e2038aafe997f: 15 rows
2026-05-18 10:25:52,769 [INFO] wqsa.etl —   04ba9d83e6a736946d2d6ca6: 15 rows
2026-05-18 10:25:53,178 [INFO] wqsa.etl —   077a9bbeb573517122ca8849: 15 rows
2026-05-18 10:25:53,576 [INFO] wqsa.etl —   0c1baef02f81148eb979d719: 15 rows
2026-05-18 10:25:54,556 [INFO] wqsa.etl —   160239ed988778c282226f61: 15 rows
2026-05-18 10:25:55,249 [INFO] wqsa.etl —   2084b8523c00cbd9f490e624: 15 rows
2026-05-18 10:25:55,620 [INFO] wqsa.etl —   21dd8bbced852b90203649c5: 12 rows
2026-05-18 10:25:56,269 [INFO] wqsa.etl —   26a06e6dee9176d54a9b1c47: 12 rows
2026-05-18 10:25:56,671 [INFO] wqsa.etl —   297790bed565bc4054d6fed3: 15 rows
2026-05-18 10:25:57,026 [INFO] wqsa.etl —   2b3c5d8359e5fbb70df84381: 15 rows
2026-05-18 10:25:57,430 [INFO] wqsa.etl —   2b5bff959e6f14299ff0ad3d: 15 rows
2026-05-18 10:25:57,787 [INFO] wqsa.etl —   2d8a34926eb4d63e62d8b9df: 15 rows
2026-05-18 10:25:58,149 [INFO] wqsa.etl —   2dcc94bea6d1f142e48d1715: 15 rows
2026-05-18 10:25:58,521 [INFO] wqsa.etl —   309deade48390027b7ad6dac: 15 rows
2026-05-18 10:25:58,905 [INFO] wqsa.etl —   329233d80df881695e32583b: 10 rows
2026-05-18 10:25:59,247 [INFO] wqsa.etl —   32f4d74f30ae681297268516: 5 rows
2026-05-18 10:25:59,636 [INFO] wqsa.etl —   388749176c2e64ffe22a7c80: 15 rows
2026-05-18 10:26:00,951 [INFO] wqsa.etl —   42bade5d4fd3ee4aa06bb228: 15 rows
2026-05-18 10:26:01,669 [INFO] wqsa.etl —   44cbaed5bb0146c012f53e91: 15 rows
2026-05-18 10:26:02,142 [INFO] wqsa.etl —   468d537bb35c612f75c04963: 15 rows
2026-05-18 10:26:02,555 [INFO] wqsa.etl —   470557f8c9829958527919e9: 9 rows
2026-05-18 10:26:02,916 [INFO] wqsa.etl —   482c66b3397720a2974c261c: 12 rows
2026-05-18 10:26:03,319 [INFO] wqsa.etl —   4cf0fab382c27946851258ca: 15 rows
2026-05-18 10:26:03,671 [INFO] wqsa.etl —   500f2c27d8a53fd20d08d943: 5 rows
2026-05-18 10:26:04,070 [INFO] wqsa.etl —   509f9367b112a84f500059f4: 15 rows
2026-05-18 10:26:04,423 [INFO] wqsa.etl —   5300bd93d2cd575c8234e874: 15 rows
2026-05-18 10:26:04,811 [INFO] wqsa.etl —   53fca2866e68b74eca6f5ef4: 15 rows
2026-05-18 10:26:05,817 [INFO] wqsa.etl —   572d5d91c84e3e47c69c0261: 15 rows
2026-05-18 10:26:06,221 [INFO] wqsa.etl —   582177d1a4ea6f78900ae60b: 15 rows
2026-05-18 10:26:06,601 [INFO] wqsa.etl —   58836d44dec6d9ce9fdf02d1: 15 rows
2026-05-18 10:26:07,011 [INFO] wqsa.etl —   5f4e1ca9167c90338b8fe176: 12 rows
2026-05-18 10:26:07,379 [INFO] wqsa.etl —   5f572c1d36b37d2585a64c54: 15 rows
2026-05-18 10:26:07,770 [INFO] wqsa.etl —   5f59995c834eec2265d8041f: 12 rows
2026-05-18 10:26:08,152 [INFO] wqsa.etl —   5f619c497c5fc71255fa376b: 15 rows
2026-05-18 10:26:08,488 [INFO] wqsa.etl —   5f6322617c5fc71255fca135: 9 rows
2026-05-18 10:26:09,088 [INFO] wqsa.etl —   5f6c11a97c5fc71255150758: 5 rows
2026-05-18 10:26:09,496 [INFO] wqsa.etl —   5f7140e58ca755794f7a9087: 12 rows
2026-05-18 10:26:10,161 [INFO] wqsa.etl —   5fa4be1c111e6c2310b18230: 15 rows
2026-05-18 10:26:10,538 [INFO] wqsa.etl —   5fa4c828111e6c2310b184d3: 15 rows
2026-05-18 10:26:11,257 [INFO] wqsa.etl —   5fc87ce2111e6c2310b95720: 15 rows
2026-05-18 10:26:11,621 [INFO] wqsa.etl —   608124ec338ec715342824d6: 15 rows
2026-05-18 10:26:12,047 [INFO] wqsa.etl —   60813876338ec71534282c2e: 15 rows
2026-05-18 10:26:12,722 [INFO] wqsa.etl —   60af0fe15173d010f431029e: 15 rows
2026-05-18 10:26:13,128 [INFO] wqsa.etl —   60af106e5173d010f43102e4: 15 rows
2026-05-18 10:26:13,527 [INFO] wqsa.etl —   60af13315173d010f43103f9: 15 rows
2026-05-18 10:26:13,888 [INFO] wqsa.etl —   60b099d8bf2058712e1016c8: 15 rows
2026-05-18 10:26:14,646 [INFO] wqsa.etl —   60d9851b3b964f07dc349b4f: 15 rows
2026-05-18 10:26:15,044 [INFO] wqsa.etl —   60e7ae81ec78fc2d94d878e7: 15 rows
2026-05-18 10:26:15,441 [INFO] wqsa.etl —   60f1349c5bd37e089effd011: 15 rows
2026-05-18 10:26:15,843 [INFO] wqsa.etl —   60f134b75bd37e089effd01f: 15 rows
2026-05-18 10:26:16,228 [INFO] wqsa.etl —   60f135185bd37e089effd04d: 15 rows
2026-05-18 10:26:16,523 [INFO] wqsa.etl —   61078aa5e129591985ab14ca: 4 rows
2026-05-18 10:26:16,907 [INFO] wqsa.etl —   611c8790e129591985d73f8c: 15 rows
2026-05-18 10:26:17,315 [INFO] wqsa.etl —   611f7344e129591985dcacbc: 15 rows
2026-05-18 10:26:17,702 [INFO] wqsa.etl —   61246f9ee129591985e819b7: 15 rows
2026-05-18 10:26:18,066 [INFO] wqsa.etl —   6139aa3b6fe7f70fa279ddfd: 12 rows
2026-05-18 10:26:18,424 [INFO] wqsa.etl —   613a97076fe7f70fa27bd74e: 12 rows
2026-05-18 10:26:18,784 [INFO] wqsa.etl —   613f4a9a6fe7f70fa286bced: 15 rows
2026-05-18 10:26:19,179 [INFO] wqsa.etl —   614ae061eeda6749facaab66: 15 rows
2026-05-18 10:26:19,621 [INFO] wqsa.etl —   614c3662eeda6749facb5fe0: 15 rows
2026-05-18 10:26:20,065 [INFO] wqsa.etl —   614df50eeeda6749facc4dab: 12 rows
2026-05-18 10:26:20,430 [INFO] wqsa.etl —   615aaf6eeeda6749fad3ae63: 12 rows
2026-05-18 10:26:20,812 [INFO] wqsa.etl —   616525c1eeda6749fad9f019: 15 rows
2026-05-18 10:26:21,209 [INFO] wqsa.etl —   6170d287eeda6749fae1caee: 15 rows
2026-05-18 10:26:21,617 [INFO] wqsa.etl —   6170d663eeda6749fae1cd26: 15 rows
2026-05-18 10:26:22,010 [INFO] wqsa.etl —   61777d9ceeda6749fae61590: 15 rows
2026-05-18 10:26:22,713 [INFO] wqsa.etl —   6183798fa3f2f747b1c8d708: 9 rows
2026-05-18 10:26:23,468 [INFO] wqsa.etl —   618c8ba6294c8004f8dc20f8: 12 rows
2026-05-18 10:26:23,893 [INFO] wqsa.etl —   618de741294c8004f8dd2398: 12 rows
2026-05-18 10:26:24,286 [INFO] wqsa.etl —   6193506e294c8004f8e23f72: 15 rows
2026-05-18 10:26:24,759 [INFO] wqsa.etl —   61b059144ae93e096ad15b43: 15 rows
2026-05-18 10:26:25,487 [INFO] wqsa.etl —   61bc2f888a21dc2f138ec824: 12 rows
2026-05-18 10:26:25,874 [INFO] wqsa.etl —   61cea160e66e6f1a7b3989eb: 15 rows
2026-05-18 10:26:27,038 [INFO] wqsa.etl —   61ea68f2060763627959fc03: 9 rows
2026-05-18 10:26:27,425 [INFO] wqsa.etl —   61ee3beb06076362795da4d5: 15 rows
2026-05-18 10:26:27,825 [INFO] wqsa.etl —   61fa093306076362796a3493: 15 rows
2026-05-18 10:26:28,205 [INFO] wqsa.etl —   61fb8ace06076362796bac6a: 15 rows
2026-05-18 10:26:28,876 [INFO] wqsa.etl —   61fcce6006076362796ce8f0: 15 rows
2026-05-18 10:26:29,593 [INFO] wqsa.etl —   62142076ee1d7f0743516f1d: 15 rows
2026-05-18 10:26:30,020 [INFO] wqsa.etl —   621edc71ee1d7f07435d63c6: 15 rows
2026-05-18 10:26:30,426 [INFO] wqsa.etl —   621ee50cee1d7f07435d6c0b: 15 rows
2026-05-18 10:26:30,793 [INFO] wqsa.etl —   621f30b7ee1d7f07435db633: 15 rows
2026-05-18 10:26:31,177 [INFO] wqsa.etl —   62317535ee1d7f07436fee86: 15 rows
2026-05-18 10:26:31,618 [INFO] wqsa.etl —   62317bd1ee1d7f07436ff4b1: 15 rows
2026-05-18 10:26:32,033 [INFO] wqsa.etl —   62344d2bee1d7f074372be12: 15 rows
2026-05-18 10:26:32,389 [INFO] wqsa.etl —   62394c31ee1d7f074377c36b: 9 rows
2026-05-18 10:26:33,419 [INFO] wqsa.etl —   623ac772ee1d7f074379816a: 15 rows
2026-05-18 10:26:34,151 [INFO] wqsa.etl —   623ae506ee1d7f0743799f24: 15 rows
2026-05-18 10:26:34,568 [INFO] wqsa.etl —   623c3491ee1d7f07437b8bb6: 15 rows
2026-05-18 10:26:35,943 [INFO] wqsa.etl —   62440e27462c3e3beaed667e: 15 rows
2026-05-18 10:26:36,304 [INFO] wqsa.etl —   62446fd4462c3e3beaedda2c: 10 rows
2026-05-18 10:26:36,708 [INFO] wqsa.etl —   624a7dd9462c3e3beaf5fc6d: 15 rows
2026-05-18 10:26:37,036 [INFO] wqsa.etl —   624a9829462c3e3beaf61927: 9 rows
2026-05-18 10:26:37,426 [INFO] wqsa.etl —   624befe5462c3e3beaf824c2: 15 rows
2026-05-18 10:26:38,525 [INFO] wqsa.etl —   625512ab462c3e3bea07aad8: 15 rows
2026-05-18 10:26:38,918 [INFO] wqsa.etl —   625d13d5b4ce584316c795ce: 15 rows
2026-05-18 10:26:39,371 [INFO] wqsa.etl —   625d150eb4ce584316c79776: 15 rows
2026-05-18 10:26:40,074 [INFO] wqsa.etl —   627ccf5ee7985f5b1151be81: 15 rows
2026-05-18 10:26:40,476 [INFO] wqsa.etl —   627e17a6e7985f5b1153aa6d: 12 rows
2026-05-18 10:26:40,878 [INFO] wqsa.etl —   6287553ce7985f5b1164329a: 15 rows
2026-05-18 10:26:41,261 [INFO] wqsa.etl —   628b080de7985f5b116c68c2: 9 rows
2026-05-18 10:26:41,683 [INFO] wqsa.etl —   628dea15e7985f5b117174d1: 15 rows
2026-05-18 10:26:42,023 [INFO] wqsa.etl —   62904db6e7985f5b1175d002: 15 rows
2026-05-18 10:26:42,414 [INFO] wqsa.etl —   6295b7c1e7985f5b117e91d3: 15 rows
2026-05-18 10:26:42,841 [INFO] wqsa.etl —   62986646e7985f5b1182dd28: 15 rows
2026-05-18 10:26:43,241 [INFO] wqsa.etl —   629879e3e7985f5b1182f56a: 15 rows
2026-05-18 10:26:43,695 [INFO] wqsa.etl —   62987dbbe7985f5b1182fa64: 15 rows
2026-05-18 10:26:44,101 [INFO] wqsa.etl —   6299d48ce7985f5b118524b8: 15 rows
2026-05-18 10:26:44,521 [INFO] wqsa.etl —   629ed2000432880d6a229e74: 15 rows
2026-05-18 10:26:44,971 [INFO] wqsa.etl —   62a1b3540432880d6a273bc1: 15 rows
2026-05-18 10:26:45,369 [INFO] wqsa.etl —   62a1b63d0432880d6a2740c3: 15 rows
2026-05-18 10:26:45,742 [INFO] wqsa.etl —   62a6f17b0432880d6a2f4c68: 9 rows
2026-05-18 10:26:46,777 [INFO] wqsa.etl —   62a841e80432880d6a311cc2: 15 rows
2026-05-18 10:26:47,203 [INFO] wqsa.etl —   62aad9100432880d6a34dbce: 15 rows
2026-05-18 10:26:47,627 [INFO] wqsa.etl —   62aaed000432880d6a34f4ff: 15 rows
2026-05-18 10:26:48,035 [INFO] wqsa.etl —   62aaf1890432880d6a34faa0: 15 rows
2026-05-18 10:26:48,425 [INFO] wqsa.etl —   62b16cb80432880d6a3e5445: 12 rows
2026-05-18 10:26:48,809 [INFO] wqsa.etl —   62b1870b0432880d6a3e7853: 15 rows
2026-05-18 10:26:49,177 [INFO] wqsa.etl —   62b189220432880d6a3e7b68: 15 rows
2026-05-18 10:26:49,586 [INFO] wqsa.etl —   62c3b4904aecf63648d90014: 15 rows
2026-05-18 10:26:49,996 [INFO] wqsa.etl —   62cd3b970f1a8501ae9eb69d: 15 rows
2026-05-18 10:26:50,457 [INFO] wqsa.etl —   62ce36620f1a8501aeb8bfd4: 15 rows
2026-05-18 10:26:50,885 [INFO] wqsa.etl —   62d7483cf0595c550d2204cd: 15 rows
2026-05-18 10:26:51,228 [INFO] wqsa.etl —   62d7b20ef0595c550d292b52: 12 rows
2026-05-18 10:26:51,661 [INFO] wqsa.etl —   62d7c017f0595c550d2a25c8: 15 rows
2026-05-18 10:26:52,061 [INFO] wqsa.etl —   62da4a95f0595c550d48930c: 9 rows
2026-05-18 10:26:52,467 [INFO] wqsa.etl —   62dfe13ea9be4d01ab41dd8c: 15 rows
2026-05-18 10:26:52,859 [INFO] wqsa.etl —   62e25548a9be4d01ab610a65: 15 rows
2026-05-18 10:26:54,577 [INFO] wqsa.etl —   62ff463a92e6b552a12814ac: 15 rows
2026-05-18 10:26:55,258 [INFO] wqsa.etl —   63072a3c17a23147991ea39a: 3 rows
2026-05-18 10:26:55,613 [INFO] wqsa.etl —   6307a92b17a231479923cb8e: 9 rows
2026-05-18 10:26:56,469 [INFO] wqsa.etl —   63106b63bb11776a0590e110: 15 rows
2026-05-18 10:26:57,174 [INFO] wqsa.etl —   63107dfcbb11776a0591cc27: 15 rows
2026-05-18 10:26:57,597 [INFO] wqsa.etl —   63108c41bb11776a0592571e: 15 rows
2026-05-18 10:26:58,018 [INFO] wqsa.etl —   6315b3d9bb11776a05c90aa2: 12 rows
2026-05-18 10:26:58,480 [INFO] wqsa.etl —   6316f129bb11776a05dd029a: 15 rows
2026-05-18 10:26:58,862 [INFO] wqsa.etl —   6316f15fbb11776a05dd06c5: 13 rows
2026-05-18 10:26:59,298 [INFO] wqsa.etl —   6316f174bb11776a05dd0b0f: 15 rows
2026-05-18 10:26:59,937 [INFO] wqsa.etl —   6316f1f0bb11776a05dd146f: 15 rows
2026-05-18 10:27:00,282 [INFO] wqsa.etl —   63180a7662d22b3284e4779a: 5 rows
2026-05-18 10:27:00,703 [INFO] wqsa.etl —   63185ba262d22b3284e87f82: 15 rows
2026-05-18 10:27:01,146 [INFO] wqsa.etl —   6319868a62d22b3284f5e525: 15 rows
2026-05-18 10:27:01,880 [INFO] wqsa.etl —   6319a40662d22b3284f7a068: 15 rows
2026-05-18 10:27:02,320 [INFO] wqsa.etl —   6319ac8162d22b3284f8659e: 15 rows
2026-05-18 10:27:02,825 [INFO] wqsa.etl —   631abd1562d22b3284047a73: 15 rows
2026-05-18 10:27:03,294 [INFO] wqsa.etl —   631abd5362d22b3284048293: 15 rows
2026-05-18 10:27:04,006 [INFO] wqsa.etl —   631abdd862d22b3284048f12: 15 rows
2026-05-18 10:27:04,378 [INFO] wqsa.etl —   631abe9e62d22b3284049eee: 15 rows
2026-05-18 10:27:04,763 [INFO] wqsa.etl —   631acb5362d22b3284054eb4: 15 rows
2026-05-18 10:27:05,538 [INFO] wqsa.etl —   631ad44762d22b328405d085: 15 rows
2026-05-18 10:27:05,933 [INFO] wqsa.etl —   631ad46962d22b328405d385: 15 rows
2026-05-18 10:27:06,362 [INFO] wqsa.etl —   631af63362d22b328407d379: 15 rows
2026-05-18 10:27:06,770 [INFO] wqsa.etl —   631afa3962d22b32840822ab: 15 rows
2026-05-18 10:27:07,466 [INFO] wqsa.etl —   631ebe5d62d22b328430dda4: 9 rows
2026-05-18 10:27:07,917 [INFO] wqsa.etl —   631ecdec62d22b328431969b: 15 rows
2026-05-18 10:27:08,632 [INFO] wqsa.etl —   632175b1110bec4f6481be15: 15 rows
2026-05-18 10:27:09,067 [INFO] wqsa.etl —   63218bc6110bec4f64833371: 15 rows
2026-05-18 10:27:09,471 [INFO] wqsa.etl —   6322de01110bec4f6499546d: 15 rows
2026-05-18 10:27:10,468 [INFO] wqsa.etl —   632a9036110bec4f642f67b4: 15 rows
2026-05-18 10:27:10,848 [INFO] wqsa.etl —   632a9263110bec4f642fa6b0: 15 rows
2026-05-18 10:27:11,233 [INFO] wqsa.etl —   632a96cd110bec4f64303061: 15 rows
2026-05-18 10:27:12,522 [INFO] wqsa.etl —   632acf54110bec4f64352b04: 15 rows
2026-05-18 10:27:12,899 [INFO] wqsa.etl —   632acfdb110bec4f643540a5: 15 rows
2026-05-18 10:27:13,365 [INFO] wqsa.etl —   632af3b2110bec4f64381d21: 15 rows
2026-05-18 10:27:14,092 [INFO] wqsa.etl —   632afb89110bec4f6438cd3d: 15 rows
2026-05-18 10:27:14,490 [INFO] wqsa.etl —   632afc65110bec4f6438e077: 15 rows
2026-05-18 10:27:14,872 [INFO] wqsa.etl —   632d3df4110bec4f646adc06: 15 rows
2026-05-18 10:27:15,248 [INFO] wqsa.etl —   632d45e0110bec4f646ba014: 12 rows
2026-05-18 10:27:15,599 [INFO] wqsa.etl —   63301a32110bec4f64abf9e7: 12 rows
2026-05-18 10:27:15,942 [INFO] wqsa.etl —   63303253110bec4f64ae1f89: 15 rows
2026-05-18 10:27:16,371 [INFO] wqsa.etl —   6330337e110bec4f64ae3ea4: 12 rows
2026-05-18 10:27:17,002 [INFO] wqsa.etl —   6330383e110bec4f64aeb35b: 15 rows
2026-05-18 10:27:17,375 [INFO] wqsa.etl —   63303a78110bec4f64aeef2f: 15 rows
2026-05-18 10:27:18,276 [INFO] wqsa.etl —   6334399a110bec4f641c37f9: 15 rows
2026-05-18 10:27:18,722 [INFO] wqsa.etl —   63343a15110bec4f641c471f: 15 rows
2026-05-18 10:27:19,649 [INFO] wqsa.etl —   633451df110bec4f641ddf7f: 15 rows
2026-05-18 10:27:20,000 [INFO] wqsa.etl —   633cf1c3d8814a1e69f40bed: 15 rows
2026-05-18 10:27:20,369 [INFO] wqsa.etl —   633d2fb0d8814a1e69f985d7: 15 rows
2026-05-18 10:27:21,051 [INFO] wqsa.etl —   633d3e9fd8814a1e69fa955b: 15 rows
2026-05-18 10:27:21,435 [INFO] wqsa.etl —   6343a541d8814a1e695aa592: 15 rows
2026-05-18 10:27:22,110 [INFO] wqsa.etl —   6343d659d8814a1e695e2e57: 15 rows
2026-05-18 10:27:22,520 [INFO] wqsa.etl —   634e1862d8814a1e69ff278f: 15 rows
2026-05-18 10:27:23,538 [INFO] wqsa.etl —   63609dfcd8814a1e6989b700: 15 rows
2026-05-18 10:27:23,924 [INFO] wqsa.etl —   636b18ecd8814a1e693cf56f: 12 rows
2026-05-18 10:27:24,323 [INFO] wqsa.etl —   6371f526d8814a1e69ae093e: 15 rows
2026-05-18 10:27:24,791 [INFO] wqsa.etl —   6371ff6ad8814a1e69af3aa6: 15 rows
2026-05-18 10:27:25,172 [INFO] wqsa.etl —   63856595cb7de71baff57963: 5 rows
2026-05-18 10:27:25,572 [INFO] wqsa.etl —   6385af7acb7de71baffd2398: 15 rows
2026-05-18 10:27:25,948 [INFO] wqsa.etl —   6385c962cb7de71baf0043d5: 15 rows
2026-05-18 10:27:26,339 [INFO] wqsa.etl —   6386ce9bcb7de71baf130e8d: 15 rows
2026-05-18 10:27:26,769 [INFO] wqsa.etl —   638710dacb7de71baf1bea85: 15 rows
2026-05-18 10:27:27,802 [INFO] wqsa.etl —   63c950985c7da2b9915217e9: 15 rows
2026-05-18 10:27:28,224 [INFO] wqsa.etl —   63d3df0711c2e3bc59720111: 15 rows
2026-05-18 10:27:29,236 [INFO] wqsa.etl —   63d403b3a2366e1acce72f59: 12 rows
2026-05-18 10:27:29,664 [INFO] wqsa.etl —   63d40528a2366e1acce74a04: 15 rows
2026-05-18 10:27:30,491 [INFO] wqsa.etl —   63d4065da2366e1acce77d86: 15 rows
2026-05-18 10:27:30,875 [INFO] wqsa.etl —   63d9db7ce7443226f782ab54: 10 rows
2026-05-18 10:27:31,271 [INFO] wqsa.etl —   63db2fb0f280733a28d9aee7: 15 rows
2026-05-18 10:27:31,668 [INFO] wqsa.etl —   63eb46f67f886641a9b4106e: 15 rows
2026-05-18 10:27:32,338 [INFO] wqsa.etl —   63f71e99e7defd222b0b80ca: 15 rows
2026-05-18 10:27:32,686 [INFO] wqsa.etl —   63f72091e7defd222b0bb11b: 15 rows
2026-05-18 10:27:33,370 [INFO] wqsa.etl —   63fc6a2de7defd222b63f458: 15 rows
2026-05-18 10:27:33,758 [INFO] wqsa.etl —   63fc6ee2e7defd222b644f77: 15 rows
2026-05-18 10:27:34,506 [INFO] wqsa.etl —   63fdad2de7defd222b799300: 15 rows
2026-05-18 10:27:34,945 [INFO] wqsa.etl —   63fdaf5fe7defd222b79b9ff: 15 rows
2026-05-18 10:27:35,394 [INFO] wqsa.etl —   63fdb31ce7defd222b79fdc5: 15 rows
2026-05-18 10:27:36,168 [INFO] wqsa.etl —   64117297273bb80934630f71: 15 rows
2026-05-18 10:27:36,588 [INFO] wqsa.etl —   64117801273bb80934637f39: 12 rows
2026-05-18 10:27:37,088 [INFO] wqsa.etl —   6417e29a273bb80934d16b65: 15 rows
2026-05-18 10:27:37,437 [INFO] wqsa.etl —   641d0618273bb8093426c3f1: 9 rows
2026-05-18 10:27:37,811 [INFO] wqsa.etl —   641d135f273bb8093427c46c: 15 rows
2026-05-18 10:27:38,576 [INFO] wqsa.etl —   64225e60273bb80934835653: 15 rows
2026-05-18 10:27:38,967 [INFO] wqsa.etl —   6426881c273bb80934caca52: 15 rows
2026-05-18 10:27:39,379 [INFO] wqsa.etl —   6426934a273bb80934cba3dd: 15 rows
2026-05-18 10:27:40,138 [INFO] wqsa.etl —   6433bf18273bb80934c8215a: 15 rows
2026-05-18 10:27:40,521 [INFO] wqsa.etl —   6433c026273bb80934c838b9: 15 rows
2026-05-18 10:27:40,943 [INFO] wqsa.etl —   6434fc53273bb80934dcf9ff: 15 rows
2026-05-18 10:27:41,660 [INFO] wqsa.etl —   64521e6d273bb809344219e8: 15 rows
2026-05-18 10:27:42,342 [INFO] wqsa.etl —   647ebd1d4eb74a749b41b0b9: 15 rows
2026-05-18 10:27:42,759 [INFO] wqsa.etl —   647ebf394eb74a749b41e8f5: 15 rows
2026-05-18 10:27:43,172 [INFO] wqsa.etl —   647ff9154b37910a7a019fa3: 15 rows
2026-05-18 10:27:43,607 [INFO] wqsa.etl —   64803a434b37910a7a067cc9: 15 rows
2026-05-18 10:27:44,022 [INFO] wqsa.etl —   64803edc4b37910a7a06e9c5: 15 rows
2026-05-18 10:27:44,364 [INFO] wqsa.etl —   6493f10523889215c5b3961b: 15 rows
2026-05-18 10:27:44,807 [INFO] wqsa.etl —   6498ebee23889215c54d2cbd: 15 rows
2026-05-18 10:27:45,470 [INFO] wqsa.etl —   64acb98c96ed275ec8dffb31: 9 rows
2026-05-18 10:27:45,873 [INFO] wqsa.etl —   64ad0f6796ed275ec8ead960: 15 rows
2026-05-18 10:27:46,323 [INFO] wqsa.etl —   64afb2a296ed275ec83fa383: 15 rows
2026-05-18 10:27:47,696 [INFO] wqsa.etl —   64b8e28352ce7941f5b6bfc8: 15 rows
2026-05-18 10:27:48,074 [INFO] wqsa.etl —   64b8e68952ce7941f5b74dc3: 15 rows
2026-05-18 10:27:48,440 [INFO] wqsa.etl —   64b8eb8452ce7941f5b7e564: 15 rows
2026-05-18 10:27:48,864 [INFO] wqsa.etl —   64b8f48052ce7941f5b902fd: 15 rows
2026-05-18 10:27:49,173 [INFO] wqsa.etl —   64b9f3b152ce7941f5ce7b19: 4 rows
2026-05-18 10:27:49,541 [INFO] wqsa.etl —   64bd7c49b007a49027e799c4: 15 rows
2026-05-18 10:27:49,959 [INFO] wqsa.etl —   64c1ceb0dc30d97862f6e6a3: 15 rows
2026-05-18 10:27:50,413 [INFO] wqsa.etl —   64c1d7dadc30d97862faa121: 15 rows
2026-05-18 10:27:50,793 [INFO] wqsa.etl —   64c1e9aedc30d97862fd172e: 15 rows
2026-05-18 10:27:51,153 [INFO] wqsa.etl —   64c1eaf4dc30d97862fd582c: 15 rows
2026-05-18 10:27:51,556 [INFO] wqsa.etl —   64c38eb4fe8cf3255ee606da: 15 rows
2026-05-18 10:27:51,933 [INFO] wqsa.etl —   64d1ff1e4d6768752ad317b3: 15 rows
2026-05-18 10:27:52,390 [INFO] wqsa.etl —   64d97e2b928fe441e451e470: 15 rows
2026-05-18 10:27:52,743 [INFO] wqsa.etl —   64db27444b63956106047f6e: 10 rows
2026-05-18 10:27:53,366 [INFO] wqsa.etl —   64e5b58f4fa53b4ecde29c0c: 15 rows
2026-05-18 10:27:53,684 [INFO] wqsa.etl —   64e6bcac98c494408b8bf7d8: 5 rows
2026-05-18 10:27:54,103 [INFO] wqsa.etl —   64e6c4f198c494408b8cf058: 15 rows
2026-05-18 10:27:54,821 [INFO] wqsa.etl —   64e6e31e15f0a80910fd5599: 15 rows
2026-05-18 10:27:55,555 [INFO] wqsa.etl —   64e6f8499db0a54e6a9d83f6: 15 rows
2026-05-18 10:27:55,949 [INFO] wqsa.etl —   64e6fac29db0a54e6a9dc1dd: 15 rows
2026-05-18 10:27:57,025 [INFO] wqsa.etl —   64e961c6f2b0ab6dd45f1dbb: 15 rows
2026-05-18 10:27:57,458 [INFO] wqsa.etl —   64e96491f2b0ab6dd45f676f: 15 rows
2026-05-18 10:27:57,866 [INFO] wqsa.etl —   64ebff32100e79277409df95: 15 rows
2026-05-18 10:27:58,259 [INFO] wqsa.etl —   64ec01d2100e7927740a3188: 15 rows
2026-05-18 10:27:58,674 [INFO] wqsa.etl —   64ec0a14100e7927740ae593: 5 rows
2026-05-18 10:27:59,075 [INFO] wqsa.etl —   64f5919a206a7a5fb4beab54: 15 rows
2026-05-18 10:27:59,484 [INFO] wqsa.etl —   64f7d8a8a0cc125666a69238: 15 rows
2026-05-18 10:27:59,917 [INFO] wqsa.etl —   64f924346afc67581aeb1c86: 15 rows
2026-05-18 10:28:00,311 [INFO] wqsa.etl —   64f92d3a6afc67581aec76b6: 15 rows
2026-05-18 10:28:01,030 [INFO] wqsa.etl —   64fa857af292c12ffa8f5163: 15 rows
2026-05-18 10:28:01,806 [INFO] wqsa.etl —   65006da03d74fd16eb4f395d: 15 rows
2026-05-18 10:28:02,243 [INFO] wqsa.etl —   6500e0673d74fd16eb603cf6: 15 rows
2026-05-18 10:28:02,679 [INFO] wqsa.etl —   6501f0f36f58ba3df95944ee: 15 rows
2026-05-18 10:28:03,144 [INFO] wqsa.etl —   6502ab2d19d10964c1cc84e1: 15 rows
2026-05-18 10:28:03,545 [INFO] wqsa.etl —   6502acaa19d10964c1cce038: 15 rows
2026-05-18 10:28:03,941 [INFO] wqsa.etl —   6502ada119d10964c1cd1729: 15 rows
2026-05-18 10:28:04,602 [INFO] wqsa.etl —   6502c0c019d10964c1d13e34: 15 rows
2026-05-18 10:28:05,313 [INFO] wqsa.etl —   6508114a42a0ec62fdc27f40: 15 rows
2026-05-18 10:28:05,707 [INFO] wqsa.etl —   6509589410072750ff43dcb9: 15 rows
2026-05-18 10:28:06,053 [INFO] wqsa.etl —   650b7148eeb7992548371c68: 12 rows
2026-05-18 10:28:06,436 [INFO] wqsa.etl —   650bfa3756f894628202e945: 9 rows
2026-05-18 10:28:06,876 [INFO] wqsa.etl —   650c0e6656f894628205f355: 15 rows
2026-05-18 10:28:07,268 [INFO] wqsa.etl —   650d6316f70cba5cde76330d: 15 rows
2026-05-18 10:28:07,668 [INFO] wqsa.etl —   650d6575f70cba5cde76830a: 15 rows
2026-05-18 10:28:08,039 [INFO] wqsa.etl —   650d6788f70cba5cde76d3a1: 9 rows
2026-05-18 10:28:08,407 [INFO] wqsa.etl —   65124841a6ae2642437d5fc8: 15 rows
2026-05-18 10:28:08,815 [INFO] wqsa.etl —   65124a4ea6ae2642437db83c: 15 rows
2026-05-18 10:28:09,564 [INFO] wqsa.etl —   6513ac776c3c9a751554fbf5: 15 rows
2026-05-18 10:28:09,937 [INFO] wqsa.etl —   6513b28ac1629d204ef7f9ab: 15 rows
2026-05-18 10:28:10,374 [INFO] wqsa.etl —   651658d9f06ce5679534fb5c: 15 rows
2026-05-18 10:28:10,760 [INFO] wqsa.etl —   65167403f06ce5679538d75a: 15 rows
2026-05-18 10:28:11,202 [INFO] wqsa.etl —   6516857145fd0a500b92d968: 15 rows
2026-05-18 10:28:11,590 [INFO] wqsa.etl —   651781f29a22fe71d499cfe2: 15 rows
2026-05-18 10:28:11,944 [INFO] wqsa.etl —   651b6a29d4d4ad2cfe04b62e: 10 rows
2026-05-18 10:28:12,344 [INFO] wqsa.etl —   651b6fdad4d4ad2cfe059cee: 15 rows
2026-05-18 10:28:13,064 [INFO] wqsa.etl —   651ceeccd345306af1e99069: 15 rows
2026-05-18 10:28:13,441 [INFO] wqsa.etl —   651e36cb004eda3602ee596a: 15 rows
2026-05-18 10:28:13,760 [INFO] wqsa.etl —   651e3d48004eda3602ef8126: 8 rows
2026-05-18 10:28:14,414 [INFO] wqsa.etl —   651f660044df5650ea47c22c: 10 rows
2026-05-18 10:28:15,127 [INFO] wqsa.etl —   651f766fa83b3836fc730399: 15 rows
2026-05-18 10:28:15,828 [INFO] wqsa.etl —   6524a8ee5b34185b625efce1: 15 rows
2026-05-18 10:28:16,213 [INFO] wqsa.etl —   6524a9515b34185b625f14e6: 15 rows
2026-05-18 10:28:16,560 [INFO] wqsa.etl —   6524a9fc5b34185b625f37af: 15 rows
2026-05-18 10:28:16,996 [INFO] wqsa.etl —   6524aac55b34185b625f58b5: 15 rows
2026-05-18 10:28:18,298 [INFO] wqsa.etl —   6535ddedbe295d36a9a208e9: 15 rows
2026-05-18 10:28:19,004 [INFO] wqsa.etl —   653b24e4e82a8859d3c50a7a: 5 rows
2026-05-18 10:28:19,415 [INFO] wqsa.etl —   6541df011086603826a28759: 15 rows
2026-05-18 10:28:19,771 [INFO] wqsa.etl —   65483c9fd3a6c977c8ab7b14: 15 rows
2026-05-18 10:28:20,137 [INFO] wqsa.etl —   65483eefd3a6c977c8abe10e: 9 rows
2026-05-18 10:28:20,576 [INFO] wqsa.etl —   65483fb2d3a6c977c8ac0209: 15 rows
2026-05-18 10:28:21,885 [INFO] wqsa.etl —   654853172f7bf816f9471fe4: 15 rows
2026-05-18 10:28:22,544 [INFO] wqsa.etl —   654872a393021a5f46c133ef: 15 rows
2026-05-18 10:28:23,503 [INFO] wqsa.etl —   65489c6e4649964b989523dc: 15 rows
2026-05-18 10:28:24,105 [INFO] wqsa.etl —   65518b1cbee0e70e824a7611: 10 rows
2026-05-18 10:28:24,812 [INFO] wqsa.etl —   65556f905321701a90274c84: 15 rows
2026-05-18 10:28:25,187 [INFO] wqsa.etl —   65558e5268bdc570744e257c: 15 rows
2026-05-18 10:28:25,563 [INFO] wqsa.etl —   6555cfd43e45ef233e14b2d7: 15 rows
2026-05-18 10:28:26,458 [INFO] wqsa.etl —   655ab4b132961c3b5d12dff2: 15 rows
2026-05-18 10:28:26,831 [INFO] wqsa.etl —   655b0dfbe43357724105b952: 15 rows
2026-05-18 10:28:27,194 [INFO] wqsa.etl —   655c0226e43357724149c45f: 15 rows
2026-05-18 10:28:27,561 [INFO] wqsa.etl —   655ec249487cc74327f554eb: 15 rows
2026-05-18 10:28:27,906 [INFO] wqsa.etl —   6561dc1d9bdd241599c9b241: 15 rows
2026-05-18 10:28:28,935 [INFO] wqsa.etl —   6567ac1acae882365cc5a364: 15 rows
2026-05-18 10:28:29,295 [INFO] wqsa.etl —   6575ed06f45107f6049c23bf: 15 rows
2026-05-18 10:28:30,336 [INFO] wqsa.etl —   657bc02df2f4b87010432a8b: 15 rows
2026-05-18 10:28:30,685 [INFO] wqsa.etl —   65935e69efa34e109f50d47b: 15 rows
2026-05-18 10:28:31,116 [INFO] wqsa.etl —   6593b2f83b566b679a5cd849: 15 rows
2026-05-18 10:28:31,795 [INFO] wqsa.etl —   659b58e904770954e92b1220: 15 rows
2026-05-18 10:28:32,193 [INFO] wqsa.etl —   659f454380cf061b2e2a0491: 15 rows
2026-05-18 10:28:32,573 [INFO] wqsa.etl —   65a2c978589f7fc7191d92d9: 15 rows
2026-05-18 10:28:32,880 [INFO] wqsa.etl —   65ae210a8cea470eeb2fa502: 5 rows
2026-05-18 10:28:33,548 [INFO] wqsa.etl —   65b211c03bf631339f078199: 15 rows
2026-05-18 10:28:33,898 [INFO] wqsa.etl —   65b30112af143e072f5c6746: 15 rows
2026-05-18 10:28:34,281 [INFO] wqsa.etl —   65b75740c9b43c1037d61566: 15 rows
2026-05-18 10:28:34,684 [INFO] wqsa.etl —   65c05cac405f557259fed7cc: 15 rows
2026-05-18 10:28:35,080 [INFO] wqsa.etl —   65c07f34f905db435ae85a5c: 15 rows
2026-05-18 10:28:35,524 [INFO] wqsa.etl —   65c18c47d769a02c4a86b92d: 15 rows
2026-05-18 10:28:35,943 [INFO] wqsa.etl —   65c32c3e1c68a104cc64e72d: 15 rows
2026-05-18 10:28:36,315 [INFO] wqsa.etl —   65c96c6b4d6d280d00afebf2: 15 rows
2026-05-18 10:28:36,679 [INFO] wqsa.etl —   65d08554bb634544ea2a8dd8: 15 rows
2026-05-18 10:28:37,063 [INFO] wqsa.etl —   65d29ed6b67fd02e65e474db: 15 rows
2026-05-18 10:28:37,508 [INFO] wqsa.etl —   65dbe047e34d521ef502a30a: 15 rows
2026-05-18 10:28:37,945 [INFO] wqsa.etl —   65dbe1e2e34d521ef502de46: 15 rows
2026-05-18 10:28:38,346 [INFO] wqsa.etl —   65dbe29de34d521ef5030024: 15 rows
2026-05-18 10:28:38,695 [INFO] wqsa.etl —   65dbeb8be7755c36c096289c: 15 rows
2026-05-18 10:28:40,025 [INFO] wqsa.etl —   65f1506f1a0ad06aeb6a7ab7: 15 rows
2026-05-18 10:28:40,423 [INFO] wqsa.etl —   660e0dee170eb01c0265acdb: 15 rows
2026-05-18 10:28:41,030 [INFO] wqsa.etl —   660e26383f3d05441b5332e9: 10 rows
2026-05-18 10:28:41,708 [INFO] wqsa.etl —   6629ba02da958c54c426b52c: 15 rows
2026-05-18 10:28:42,377 [INFO] wqsa.etl —   6642ed73f4f9c537122b73a8: 10 rows
2026-05-18 10:28:42,795 [INFO] wqsa.etl —   66430636198831110e3cf685: 15 rows
2026-05-18 10:28:43,140 [INFO] wqsa.etl —   6646adaf7b64936f947526e5: 9 rows
2026-05-18 10:28:43,550 [INFO] wqsa.etl —   66569b8b5c273e6fbf5c18d7: 15 rows
2026-05-18 10:28:44,265 [INFO] wqsa.etl —   666007ea7e741c23d11d7b81: 15 rows
2026-05-18 10:28:44,961 [INFO] wqsa.etl —   667cef161ab11a4bd1265588: 15 rows
2026-05-18 10:28:45,304 [INFO] wqsa.etl —   668c950d536c8654fde08799: 12 rows
2026-05-18 10:28:45,715 [INFO] wqsa.etl —   668f3d3cdf30ad398fc305a4: 15 rows
2026-05-18 10:28:46,121 [INFO] wqsa.etl —   6692157c78093041239a89cf: 15 rows
2026-05-18 10:28:46,517 [INFO] wqsa.etl —   66964cf2716e440474821385: 15 rows
2026-05-18 10:28:46,868 [INFO] wqsa.etl —   66a85e583e6f3a61c828d517: 15 rows
2026-05-18 10:28:47,247 [INFO] wqsa.etl —   66b192c5a292614a8285e9a8: 15 rows
2026-05-18 10:28:48,653 [INFO] wqsa.etl —   66bab78e3850a46d2bdd5f22: 15 rows
2026-05-18 10:28:49,033 [INFO] wqsa.etl —   66babf2ee0eb2015e9d6291d: 15 rows
2026-05-18 10:28:50,083 [INFO] wqsa.etl —   66c962f35675a258d5bdd79c: 15 rows
2026-05-18 10:28:50,546 [INFO] wqsa.etl —   66c96403213ee7626a71a43e: 15 rows
2026-05-18 10:28:51,211 [INFO] wqsa.etl —   66d52d7e58bae57d3091667d: 15 rows
2026-05-18 10:28:52,158 [INFO] wqsa.etl —   66e051474853102e433d4ed9: 15 rows
2026-05-18 10:28:52,537 [INFO] wqsa.etl —   66e0f65d0f9f3e159556abf1: 15 rows
2026-05-18 10:28:52,917 [INFO] wqsa.etl —   66e3b9a6fa1b063e0b6b4596: 15 rows
2026-05-18 10:28:53,282 [INFO] wqsa.etl —   66e7bc1f3eb9dc33e5f3c76c: 9 rows
2026-05-18 10:28:53,701 [INFO] wqsa.etl —   66f111d29322a93831467694: 15 rows
2026-05-18 10:28:54,419 [INFO] wqsa.etl —   66fb7c5a20d8102bfae6f966: 15 rows
2026-05-18 10:28:54,791 [INFO] wqsa.etl —   6703a1cce48d1b0fcc8c5092: 15 rows
2026-05-18 10:28:55,163 [INFO] wqsa.etl —   6703a1cce48d1b0fcc8c5096: 15 rows
2026-05-18 10:28:55,553 [INFO] wqsa.etl —   6703a1cce48d1b0fcc8c509a: 15 rows
2026-05-18 10:28:55,970 [INFO] wqsa.etl —   6703a1cce48d1b0fcc8c509e: 15 rows
2026-05-18 10:28:56,371 [INFO] wqsa.etl —   6703a1cce48d1b0fcc8c50a2: 15 rows
2026-05-18 10:28:56,729 [INFO] wqsa.etl —   6703a1cce48d1b0fcc8c50a6: 15 rows
2026-05-18 10:28:57,161 [INFO] wqsa.etl —   6703a1cce48d1b0fcc8c50aa: 15 rows
2026-05-18 10:28:57,571 [INFO] wqsa.etl —   6703a1cce48d1b0fcc8c50ae: 15 rows
2026-05-18 10:28:57,976 [INFO] wqsa.etl —   6704ab2d63128047b36389dc: 15 rows
2026-05-18 10:28:58,357 [INFO] wqsa.etl —   6704ab2d63128047b36389e0: 15 rows
2026-05-18 10:28:59,034 [INFO] wqsa.etl —   6708c869b6c3f80b61bbe449: 15 rows
2026-05-18 10:28:59,417 [INFO] wqsa.etl —   6708cd46aa1e222154fb04c9: 15 rows
2026-05-18 10:28:59,769 [INFO] wqsa.etl —   670f1502fa66113d65d8b6b6: 15 rows
2026-05-18 10:29:00,092 [INFO] wqsa.etl —   670f2163527e132618d01891: 10 rows
2026-05-18 10:29:00,717 [INFO] wqsa.etl —   6719c8555c56263331db4839: 15 rows
2026-05-18 10:29:01,123 [INFO] wqsa.etl —   6719c9e265cf9c61cd2ffef2: 15 rows
2026-05-18 10:29:01,543 [INFO] wqsa.etl —   672197756b7a141b4c524997: 15 rows
2026-05-18 10:29:01,937 [INFO] wqsa.etl —   67330a7c731bae77e2ed94fd: 15 rows
2026-05-18 10:29:04,723 [INFO] wqsa.etl —   67442ad863d78e379fe2d7f4: 15 rows
2026-05-18 10:29:05,378 [INFO] wqsa.etl —   6747e3c592bd1b33fb59f175: 9 rows
2026-05-18 10:29:05,820 [INFO] wqsa.etl —   6747e3c592bd1b33fb59f179: 15 rows
2026-05-18 10:29:06,537 [INFO] wqsa.etl —   674e5a2be4885f541ce6264a: 15 rows
2026-05-18 10:29:06,921 [INFO] wqsa.etl —   674e5aa684ebbc794cf20cd0: 15 rows
2026-05-18 10:29:07,856 [INFO] wqsa.etl —   677cae86bd23cd28dc5fa803: 5 rows
2026-05-18 10:29:08,911 [INFO] wqsa.etl —   67dfcf4d745cba87a64770ca: 12 rows
2026-05-18 10:29:09,339 [INFO] wqsa.etl —   6909089b15ba64933bd76df7: 15 rows
2026-05-18 10:29:09,735 [INFO] wqsa.etl —   6a47391006e91b76dfbd5543: 9 rows
2026-05-18 10:29:10,118 [INFO] wqsa.etl —   6db481f8e5399888433fd08e: 15 rows
2026-05-18 10:29:10,801 [INFO] wqsa.etl —   746339e731a4d65dbbea44a6: 15 rows
2026-05-18 10:29:11,238 [INFO] wqsa.etl —   74d8876413ec397188fbca34: 15 rows
2026-05-18 10:29:11,603 [INFO] wqsa.etl —   79456d9c51128700b78b6fd0: 15 rows
2026-05-18 10:29:12,295 [INFO] wqsa.etl —   7e8fea7279dd8cf5a8035457: 5 rows
2026-05-18 10:29:12,758 [INFO] wqsa.etl —   8024c974a29efad0b6b0f40d: 15 rows
2026-05-18 10:29:13,160 [INFO] wqsa.etl —   803fbaaadb63910a7cc4fef2: 10 rows
2026-05-18 10:29:13,540 [INFO] wqsa.etl —   813c21676b5a4f6168769100: 15 rows
2026-05-18 10:29:15,229 [INFO] wqsa.etl —   8b82bdc66f8b758dcf2fe57b: 12 rows
2026-05-18 10:29:15,599 [INFO] wqsa.etl —   8c366037e4cb3c862a9a0040: 15 rows
2026-05-18 10:29:16,068 [INFO] wqsa.etl —   8d6072d99ba44dd81bc4aa73: 15 rows
2026-05-18 10:29:16,534 [INFO] wqsa.etl —   8db51bf5a958bb362724f08c: 15 rows
2026-05-18 10:29:16,921 [INFO] wqsa.etl —   9131d0c898a48bc4f9535afe: 15 rows
2026-05-18 10:29:17,571 [INFO] wqsa.etl —   9262717515db89121a032031: 15 rows
2026-05-18 10:29:17,968 [INFO] wqsa.etl —   947d39e209b99faa3993808b: 12 rows
2026-05-18 10:29:18,641 [INFO] wqsa.etl —   970c4e06fec8f09f8ac1eea2: 15 rows
2026-05-18 10:29:19,592 [INFO] wqsa.etl —   99ba26e9e1ee83f7e74af16d: 12 rows
2026-05-18 10:29:20,210 [INFO] wqsa.etl —   9a4ad7703f88afe7e312517c: 15 rows
2026-05-18 10:29:20,659 [INFO] wqsa.etl —   9c0031ff5b355eca67f92408: 12 rows
2026-05-18 10:29:21,067 [INFO] wqsa.etl —   9c54ebacd237a03263a8495d: 15 rows
2026-05-18 10:29:21,746 [INFO] wqsa.etl —   a16beb8162017bb71c1bfbb7: 15 rows
2026-05-18 10:29:22,572 [INFO] wqsa.etl —   a57befda64c1ddf489291ff7: 15 rows
2026-05-18 10:29:22,963 [INFO] wqsa.etl —   aedf8979f390742d7f5f2d52: 15 rows
2026-05-18 10:29:23,794 [INFO] wqsa.etl —   b1f4c8076bcf52c823c6a8ae: 15 rows
2026-05-18 10:29:24,272 [INFO] wqsa.etl —   b35ea6ef0f473db0bfa97a3b: 15 rows
2026-05-18 10:29:25,061 [INFO] wqsa.etl —   b4fab5575d5fff0e4bd3eae8: 9 rows
2026-05-18 10:29:25,503 [INFO] wqsa.etl —   b6ea486693a79b204075c5bd: 15 rows
2026-05-18 10:29:25,933 [INFO] wqsa.etl —   b7600eae9da24edc70d920f8: 15 rows
2026-05-18 10:29:27,000 [INFO] wqsa.etl —   c0139b9a94ba48e98ddc85ab: 5 rows
2026-05-18 10:29:27,453 [INFO] wqsa.etl —   c057a7effa068855ea6f3e1b: 15 rows
2026-05-18 10:29:27,828 [INFO] wqsa.etl —   c1ba9617338e752bfb665089: 5 rows
2026-05-18 10:29:28,322 [INFO] wqsa.etl —   c1c0ad1c133c580068e08e7e: 15 rows
2026-05-18 10:29:28,708 [INFO] wqsa.etl —   c3373a5b1e7406d657a8962f: 15 rows
2026-05-18 10:29:29,374 [INFO] wqsa.etl —   c4f6ae034110fbaffd063edb: 15 rows
2026-05-18 10:29:29,749 [INFO] wqsa.etl —   c70e9632aa41e71b10b946c0: 10 rows
2026-05-18 10:29:30,491 [INFO] wqsa.etl —   ca1f42791123b0f8113b1468: 15 rows
2026-05-18 10:29:31,242 [INFO] wqsa.etl —   ce4500d00eeab5a9adac556b: 15 rows
2026-05-18 10:29:31,625 [INFO] wqsa.etl —   cf5c40ed0fabb3f921ce2306: 15 rows
2026-05-18 10:29:32,078 [INFO] wqsa.etl —   d1cbb8043d595aa3fe635b08: 15 rows
2026-05-18 10:29:32,478 [INFO] wqsa.etl —   d422245200e49033161acdc2: 9 rows
2026-05-18 10:29:32,869 [INFO] wqsa.etl —   d4c3a7cfb9276775d47b68ae: 15 rows
2026-05-18 10:29:33,303 [INFO] wqsa.etl —   d577d4a1e11d8223659f5760: 9 rows
2026-05-18 10:29:34,019 [INFO] wqsa.etl —   d83a6de157a04be9d809b828: 9 rows
2026-05-18 10:29:34,390 [INFO] wqsa.etl —   d84d04fff8a38f6eea4cb889: 15 rows
2026-05-18 10:29:34,818 [INFO] wqsa.etl —   d84ebe9ff6f0bd951f71d46f: 15 rows
2026-05-18 10:29:35,268 [INFO] wqsa.etl —   d8b97688286b97429e615088: 15 rows
2026-05-18 10:29:35,643 [INFO] wqsa.etl —   d95cf90b40eb30fa600e1f80: 12 rows
2026-05-18 10:29:36,297 [INFO] wqsa.etl —   de0bb80c8bd4137184f101d0: 12 rows
2026-05-18 10:29:36,676 [INFO] wqsa.etl —   e5b8d0226d9ab00a2c1ac204: 15 rows
2026-05-18 10:29:37,152 [INFO] wqsa.etl —   e60935445d0a8182b86066c8: 15 rows
2026-05-18 10:29:37,593 [INFO] wqsa.etl —   e68ebb91a04b7dfcfe650362: 15 rows
2026-05-18 10:29:38,331 [INFO] wqsa.etl —   e8317022bebffe4da694020a: 15 rows
2026-05-18 10:29:39,342 [INFO] wqsa.etl —   ecdbeb0474736f23b3914004: 15 rows
2026-05-18 10:29:40,043 [INFO] wqsa.etl —   f40bc7ffcc753df78e3a5079: 15 rows
2026-05-18 10:29:40,738 [INFO] wqsa.etl —   f5c37744446572375fb04e30: 15 rows
2026-05-18 10:29:41,614 [INFO] wqsa.etl —   f9a90d021d9fb5493925824e: 10 rows
2026-05-18 10:29:42,294 [INFO] wqsa.etl —   ffbc57abd8c4d7406417f74e: 15 rows
2026-05-18 10:29:42,294 [INFO] wqsa.etl — sparing_monitoring: 6202 upserted
2026-05-18 10:37:37,459 [INFO] wqsa.etl —   adm4=32.04.31.2001: 21 prakiraan, 3 hari
2026-05-18 10:37:37,626 [INFO] wqsa.etl —   adm4=32.04.15.2001: 42 prakiraan, 3 hari
2026-05-18 10:37:37,786 [INFO] wqsa.etl —   adm4=32.04.33.2001: 63 prakiraan, 3 hari
2026-05-18 10:37:37,960 [INFO] wqsa.etl —   adm4=32.04.29.2001: 84 prakiraan, 3 hari
2026-05-18 10:37:38,155 [INFO] wqsa.etl —   adm4=32.04.08.2001: 105 prakiraan, 3 hari
2026-05-18 10:37:38,296 [INFO] wqsa.etl —   adm4=32.17.07.2001: 126 prakiraan, 3 hari
2026-05-18 10:37:38,456 [INFO] wqsa.etl —   adm4=32.17.04.2001: 147 prakiraan, 3 hari
2026-05-18 10:37:38,631 [INFO] wqsa.etl —   adm4=32.14.03.2001: 168 prakiraan, 3 hari
2026-05-18 10:37:38,785 [INFO] wqsa.etl —   adm4=32.15.03.2001: 189 prakiraan, 3 hari
2026-05-18 10:37:39,461 [INFO] wqsa.etl —   adm4=32.16.05.2001: 210 prakiraan, 3 hari
2026-05-18 10:37:39,461 [INFO] wqsa.etl — bmkg: 210 total upserted
